[     1s] stage A: NR coefficient table written (174, 30)
[    30s] TT_isov      m= 1000: N_lo=     29.2  R_hi=5.96e+07/t/yr  full/diag-sum(20,248)=1.000,1.000  pieces=['4_c']
[    67s] PTT_univ     m= 1000: N_lo=      357  R_hi=3.61e+09/t/yr  full/diag-sum(20,248)=0.969,0.869  pieces=['10_c', '11_c', '12_c']
[   122s] Q15_univ     m= 1000: N_lo=     15.3  R_hi=7.04e+09/t/yr  full/diag-sum(20,248)=0.982,0.413  pieces=['5_c', '6_c', '1_q2', '4_q2']
[   167s] Q15_charge   m= 1000: N_lo=     2.52  R_hi=8.27e+08/t/yr  full/diag-sum(20,248)=0.719,0.176  pieces=['5_c', '6_c', '1_q2', '4_q2']
[   200s] Q16_univ     m= 1000: N_lo=      258  R_hi=3.3e+14/t/yr  full/diag-sum(20,248)=1.000,1.000  pieces=['11_c']
[   231s] Q17_univ     m= 1000: N_lo=     2.06  R_hi=3.57e+09/t/yr  full/diag-sum(20,248)=1.000,1.000  pieces=['9_c']
[   262s] Q18_univ     m= 1000: N_lo=     2.34  R_hi=1.76e+03/t/yr  full/diag-sum(20,248)=1.000,1.000  pieces=['14_c']
[   273s] TW2_quark    m= 1000: N_lo= 2.76e+03  R_hi=1.11e+14/t/yr  full/diag-sum(20,248)=1.000,1.000  pieces=['1_c']
[   283s] TW2_gluon    m= 1000: N_lo= 2.76e+03  R_hi=5.98e+13/t/yr  full/diag-sum(20,248)=1.000,1.000  pieces=['1_c']
[   308s] L10 reference m=1000: N_lo=0.198, N(d10=1, WimPyDD norm)=3.334 (P012: 3.336 at 1000 GeV)
[   308s] --- 1000 GeV summary ---
 structure  dim         N_lo leading_op_248keV  frac_lead_248 leading_op_20keV classification  Z_pred_P016  N_events_unit_C  Lambda_1event_GeV  Lambda_over_mchi
   PP_univ    7     0.069336                O6       1.000000               O6     compatible     3.587030     1.172475e+01       1.507245e+00          0.001507
      PGGt    7     0.081776                O6       1.000000               O6     compatible     3.585210     2.362539e+01       1.693934e+00          0.001694
      SGGt    7     0.473845               O10       1.000000              O10     compatible     3.531995     2.741667e+09       3.741127e+01          0.037411
   SP_univ    7     0.845679               O10       1.000000              O10     compatible     3.487891     1.349793e+09       3.324384e+01          0.033244
  Q17_univ    7     2.062494                O9       1.000000               O9     compatible     3.376617     5.907511e+10       6.240711e+01          0.062407
  Q18_univ    7     2.339571               O14       1.000000              O14     compatible     3.355436     3.121387e+04       5.611228e+00          0.005611
Q15_charge    7     2.518708                O4       0.588529               O5     compatible     3.343039     1.300729e+10       4.849510e+01          0.048495
   PP_isov    7     3.326268                O6       1.000000               O6     compatible     3.290456     3.843304e+02       2.696399e+00          0.002696
  Q15_univ    7    15.303440                O5       0.457496               O5       marginal     2.900170     4.687446e+11       8.813655e+01          0.088137
   SP_isov    7    25.841707               O10       1.000000              O10       excluded     2.729603     1.022685e+11       6.838439e+01          0.068384
AV_anapole    6    26.910274                O9       0.990103               O8       excluded     2.715899     1.343857e+11       6.054639e+02          0.605464
   AA_univ    6    28.155820                O4       1.000000               O4       excluded     2.700596     1.940704e+13       2.098891e+03          2.098891
   TT_isov    7    29.206387                O4       1.000000               O4       excluded     2.688205     7.318156e+09       4.406228e+01          0.044062
   TT_univ    7    30.151780                O4       1.000000               O4       excluded     2.677052     2.003798e+08       2.419036e+01          0.024190
   VA_univ    6    31.502135                O7       0.969761               O7       excluded     2.661319     3.883977e+06       4.439348e+01          0.044393
  AA_Zlike    6    55.894717                O4       0.700125               O4       excluded     2.449091     2.609143e+13       2.260083e+03          2.260083
   AV_univ    6   167.037831                O8       0.783707               O8       excluded     1.980806     7.023998e+13       2.894983e+03          2.894983
  Q16_univ    7   258.118955               O11       1.000000              O11       excluded     1.765578     2.760664e+17       8.069295e+02          0.806929
       PGG    7   258.118955               O11       1.000000              O11       excluded     1.765578     2.940736e+07       1.756882e+01          0.017569
   PS_univ    7   260.069500               O11       1.000000              O11       excluded     1.761664     8.139134e+07       2.081755e+01          0.020818
  PTT_univ    7   357.359971               O11       0.993331              O11       excluded     1.592640     4.148029e+12       1.267575e+02          0.126757
       MDM    5   421.637744                O4       0.589450               O5       excluded     1.500142     2.615376e+09       5.114075e+04         51.140750
   VV_isov    6   476.890084                O1       1.000000               O1       excluded     1.429373     1.344287e+17       1.914798e+04         19.147982
       SGG    7  2755.445322                O1       1.000000               O1       excluded     0.162436     2.312912e+16       5.337770e+02          0.533777
   VV_univ    6  2755.646727                O1       1.000000               O1       excluded     0.162390     5.428135e+19       8.583465e+04         85.834652
 TW2_quark    7  2756.926230                O1       1.000000               O1       excluded     0.162096     9.787488e+17       9.964264e+02          0.996426
 TW2_gluon    7  2756.926230                O1       1.000000               O1       excluded     0.162096     5.251789e+17       8.982238e+02          0.898224
   SS_univ    7  2776.408025                O1       1.000000               O1       excluded     0.157630     6.404212e+16       6.325249e+02          0.632525
       EDM    5 18212.231454               O11       1.000000              O11       excluded     0.000000     2.191017e+15       4.680830e+07      46808.295276
L10 reference: {"1000": {"N_lo": 0.1982319257969173, "N_unit_wd": 3.3344339418752997, "d10_wd_1event": 0.5476321556725692, "d10_lz_1event": 0.27884580901035727, "Z_pred_P016": 3.5682642948624324}}
[   308s] RG TT_univ   : 2 GeV WCs {'C79u': 0.5733786618193502, 'C79d': 0.5733786618193502, 'C79s': 0.5733786618193502}
[   309s] RG TT_isov   : 2 GeV WCs {'C79u': 0.5733786618193502, 'C79d': -0.5733786618193502}
[   309s] RG PTT_univ  : 2 GeV WCs {'C710u': 0.5733786618193502, 'C710d': 0.5733786618193502, 'C710s': 0.5733786618193502}
[   309s] RG PP_univ   : 2 GeV WCs {'C78u': 1.0, 'C78d': 1.0, 'C78s': 1.0}
[   309s] RG PP_isov   : 2 GeV WCs {'C78u': 1.0, 'C78d': -1.0}
[   309s] RG SP_univ   : 2 GeV WCs {'C77u': 1.0, 'C77d': 1.0, 'C77s': 1.0}
[   309s] RG SP_isov   : 2 GeV WCs {'C77u': 1.0, 'C77d': -1.0}
[   309s] RG AA_univ   : 2 GeV WCs {'C64u': 1.0, 'C64d': 1.0, 'C64s': 1.0}
[   309s] RG AA_Zlike  : 2 GeV WCs {'C64u': 0.5, 'C64d': -0.5, 'C64s': -0.5}
[   309s] RG AV_univ   : 2 GeV WCs {'C62u': 1.0, 'C62d': 1.0, 'C62s': 1.0}
[   309s] RG VV_univ   : 2 GeV WCs {'C61u': 1.0, 'C61d': 1.0, 'C61s': 1.0}
[   309s] RG SGGt      : 2 GeV WCs {'C73': 1.0099232714746038, 'C77u': 0.006022689424855383, 'C77d': 0.006022689424855383, 'C77s': 0.006022689424855383}
[   309s] RG PGGt      : 2 GeV WCs {'C74': 1.0099232714746038, 'C78u': 0.006022689424855383, 'C78d': 0.006022689424855383, 'C78s': 0.006022689424855383}
[   309s] RG MDM       : 2 GeV WCs {'C51': 1.0}
[   309s] RG Q15_univ  : 2 GeV WCs {'C715u': 1.0, 'C715d': 1.0, 'C715s': 1.0}
[   309s] RG Q17_univ  : 2 GeV WCs {'C717u': 1.0, 'C717d': 1.0, 'C717s': 1.0}
[   309s] RG SS_univ   : 2 GeV WCs {'C75u': 1.0, 'C75d': 1.0, 'C75s': 1.0}
anand_L  structure              confidence  Z_LZ_tableS6_1000GeV        N_lo  Z_pred_P016 leading_op_248 classification  Z_LZ_4000GeV  Z_LZ_200GeV
    L1s    SS_univ                 certain                   0.0 2776.408025     0.157630             O1       excluded           0.0          0.0
    L1s        SGG certain (gluon version)                   0.0 2755.445322     0.162436             O1       excluded           0.0          0.0
    L5s    VV_univ                 certain                   0.0 2755.646727     0.162390             O1       excluded           0.0          0.0
    L5v    VV_isov                 certain                   1.3  476.890084     1.429373             O1       excluded           1.3          0.0
    L2s    SP_univ                 certain                   3.0    0.845679     3.487891            O10     compatible           3.1          2.8
    L2v    SP_isov                 certain                   3.1   25.841707     2.729603            O10       excluded           3.1          2.5
    L3s    PS_univ                 certain                   1.7  260.069500     1.761664            O11       excluded           1.8          1.1
    L4s    PP_univ                 certain                   3.1    0.069336     3.587030             O6     compatible           3.0          3.1
    L4v    PP_isov                 certain                   3.1    3.326268     3.290456             O6     compatible           3.1          3.1
   L15s    AA_univ                  likely                   2.7   28.155820     2.700596             O4       excluded           2.7          2.3
   L15v   AA_Zlike likely (isovector-like)                   2.7   55.894717     2.449091             O4       excluded           2.7          2.4
    L7s    VA_univ                  likely                   2.7   31.502135     2.661319             O7       excluded           2.7          2.5
    L6s   Q15_univ                  likely                   2.6   15.303440     2.900170             O5       marginal           2.6          2.2
    L8s    AV_univ               uncertain                   3.0  167.037831     1.980806             O8       excluded           3.0          2.8
   L13s    AV_univ               uncertain                   2.5  167.037831     1.980806             O8       excluded           2.6          2.0
   L16s AV_anapole     uncertain (anapole)                   3.4   26.910274     2.715899             O9       excluded           3.2          3.3
    L9s   Q17_univ               uncertain                   3.0    2.062494     3.376617             O9     compatible           3.1          2.9
[   315s] final done
[   315s] done
