[     0s] stage A: NR coefficient table written (174, 30)
[     5s] MDM          m=  200: N_lo=     73.3  R_hi=2.68e+10/t/yr  pieces=['1_c', '4_c', '5_bq2', '6_bq2']
[     9s] MDM          m= 4000: N_lo=     21.2  R_hi=5.42e+09/t/yr  pieces=['1_c', '4_c', '5_bq2', '6_bq2']
[    12s] EDM          m=  200: N_lo= 5.45e+04  R_hi=4.49e+10/t/yr  pieces=['11_bq2']
[    16s] EDM          m= 4000: N_lo= 1.57e+04  R_hi=8.37e+09/t/yr  pieces=['11_bq2']
[    21s] VV_univ      m=  200: N_lo= 7.33e+03  R_hi=4.41e+07/t/yr  pieces=['1_c', '3_c', '6_c', '1_q2', '4_q2']
[    26s] VV_univ      m= 4000: N_lo= 2.21e+03  R_hi=2.01e+04/t/yr  pieces=['1_c', '3_c', '6_c', '1_q2', '4_q2']
[    28s] VV_isov      m=  200: N_lo= 1.61e+03  R_hi=1.2e+14/t/yr  pieces=['1_c']
[    30s] VV_isov      m= 4000: N_lo=      404  R_hi=2.59e+13/t/yr  pieces=['1_c']
[    33s] AV_univ      m=  200: N_lo=      489  R_hi=1.37e+11/t/yr  pieces=['8_c', '9_c']
[    37s] AV_univ      m= 4000: N_lo=      136  R_hi=2.77e+10/t/yr  pieces=['8_c', '9_c']
[    40s] AV_anapole   m=  200: N_lo=     17.8  R_hi=5.74e+09/t/yr  pieces=['8_c', '9_c']
[    43s] AV_anapole   m= 4000: N_lo=     5.19  R_hi=1.17e+09/t/yr  pieces=['8_c', '9_c']
[    47s] VA_univ      m=  200: N_lo=     6.35  R_hi=3.31e+04/t/yr  pieces=['7_c', '9_c']
[    50s] VA_univ      m= 4000: N_lo=     1.77  R_hi=16.5/t/yr  pieces=['7_c', '9_c']
[    53s] AA_univ      m=  200: N_lo=     86.5  R_hi=2.44e+11/t/yr  pieces=['4_c']
[    56s] AA_univ      m= 4000: N_lo=     24.1  R_hi=4.85e+10/t/yr  pieces=['4_c']
[    60s] AA_Zlike     m=  200: N_lo=     60.4  R_hi=1.26e+10/t/yr  pieces=['4_c', '6_pi', '6_eta']
[    64s] AA_Zlike     m= 4000: N_lo=     16.8  R_hi=2.52e+09/t/yr  pieces=['4_c', '6_pi', '6_eta']
[    65s] SGG          m=  200: N_lo= 7.91e+03  R_hi=4.22e+12/t/yr  pieces=['1_c']
[    67s] SGG          m= 4000: N_lo= 2.39e+03  R_hi=7.7e+11/t/yr  pieces=['1_c']
[    70s] PGG          m=  200: N_lo=      723  R_hi=1.4e+06/t/yr  pieces=['11_c']
[    73s] PGG          m= 4000: N_lo=      224  R_hi=641/t/yr  pieces=['11_c']
[    74s] SGGt         m=  200: N_lo=     5.87  R_hi=1.42e+08/t/yr  pieces=['10_c', '10_q2pi', '10_q2eta']
[    75s] SGGt         m= 4000: N_lo=      1.7  R_hi=2.88e+07/t/yr  pieces=['10_c', '10_q2pi', '10_q2eta']
[    78s] PGGt         m=  200: N_lo=    0.828  R_hi=50/t/yr  pieces=['6_c', '6_q2pi', '6_q2eta']
[    80s] PGGt         m= 4000: N_lo=    0.244  R_hi=0.0256/t/yr  pieces=['6_c', '6_q2pi', '6_q2eta']
[    81s] SS_univ      m=  200: N_lo= 7.97e+03  R_hi=1.16e+13/t/yr  pieces=['1_c']
[    82s] SS_univ      m= 4000: N_lo= 2.41e+03  R_hi=2.11e+12/t/yr  pieces=['1_c']
[    85s] PS_univ      m=  200: N_lo=      729  R_hi=3.85e+06/t/yr  pieces=['11_c']
[    87s] PS_univ      m= 4000: N_lo=      226  R_hi=1.76e+03/t/yr  pieces=['11_c']
[    88s] SP_univ      m=  200: N_lo=     12.2  R_hi=2.66e+09/t/yr  pieces=['10_pi', '10_eta']
[    89s] SP_univ      m= 4000: N_lo=     3.54  R_hi=5.34e+08/t/yr  pieces=['10_pi', '10_eta']
[    90s] SP_isov      m=  200: N_lo=     12.2  R_hi=5.03e+05/t/yr  pieces=['10_pi', '10_eta']
[    92s] SP_isov      m= 4000: N_lo=     3.54  R_hi=1.01e+05/t/yr  pieces=['10_pi', '10_eta']
[    94s] PP_univ      m=  200: N_lo=     1.68  R_hi=930/t/yr  pieces=['6_pi', '6_eta']
[    97s] PP_univ      m= 4000: N_lo=    0.498  R_hi=0.473/t/yr  pieces=['6_pi', '6_eta']
[    99s] PP_isov      m=  200: N_lo=     1.68  R_hi=0.176/t/yr  pieces=['6_pi', '6_eta']
[   102s] PP_isov      m= 4000: N_lo=    0.498  R_hi=8.95e-05/t/yr  pieces=['6_pi', '6_eta']
[   104s] TT_univ      m=  200: N_lo=     92.6  R_hi=2.32e+06/t/yr  pieces=['4_c']
[   107s] TT_univ      m= 4000: N_lo=     25.9  R_hi=4.62e+05/t/yr  pieces=['4_c']
[   109s] TT_isov      m=  200: N_lo=     89.8  R_hi=8.85e+07/t/yr  pieces=['4_c']
[   112s] TT_isov      m= 4000: N_lo=       25  R_hi=1.76e+07/t/yr  pieces=['4_c']
[   116s] PTT_univ     m=  200: N_lo=     99.7  R_hi=7.67e+08/t/yr  pieces=['10_c', '11_c', '12_c']
[   118s] PTT_univ     m= 4000: N_lo=     29.4  R_hi=1.49e+08/t/yr  pieces=['10_c', '11_c', '12_c']
[   121s] Q15_univ     m=  200: N_lo=     87.4  R_hi=8.76e+13/t/yr  pieces=['5_c', '6_c', '1_q2', '4_q2']
[   124s] Q15_univ     m= 4000: N_lo=     27.8  R_hi=1.61e+13/t/yr  pieces=['5_c', '6_c', '1_q2', '4_q2']
[   126s] Q15_charge   m=  200: N_lo=     1.58  R_hi=2e+13/t/yr  pieces=['5_c', '6_c', '1_q2', '4_q2']
[   130s] Q15_charge   m= 4000: N_lo=     0.47  R_hi=4.14e+12/t/yr  pieces=['5_c', '6_c', '1_q2', '4_q2']
[   133s] Q16_univ     m=  200: N_lo=      723  R_hi=5.26e+14/t/yr  pieces=['11_c']
[   136s] Q16_univ     m= 4000: N_lo=      224  R_hi=9.63e+13/t/yr  pieces=['11_c']
[   140s] Q17_univ     m=  200: N_lo=     6.35  R_hi=5.29e+09/t/yr  pieces=['9_c']
[   143s] Q17_univ     m= 4000: N_lo=     1.77  R_hi=1.05e+09/t/yr  pieces=['9_c']
[   146s] Q18_univ     m=  200: N_lo=        8  R_hi=2.31e+03/t/yr  pieces=['14_c']
[   149s] Q18_univ     m= 4000: N_lo=     1.97  R_hi=529/t/yr  pieces=['14_c']
[   151s] TW2_quark    m=  200: N_lo= 7.91e+03  R_hi=1.79e+14/t/yr  pieces=['1_c']
[   152s] TW2_quark    m= 4000: N_lo= 2.39e+03  R_hi=3.25e+13/t/yr  pieces=['1_c']
[   153s] TW2_gluon    m=  200: N_lo= 7.91e+03  R_hi=9.58e+13/t/yr  pieces=['1_c']
[   155s] TW2_gluon    m= 4000: N_lo= 2.39e+03  R_hi=1.75e+13/t/yr  pieces=['1_c']
[   158s] L10 reference m=200: N_lo=0.600, N(d10=1, WimPyDD norm)=7.422 (P012: 3.336 at 1000 GeV)
[   161s] L10 reference m=4000: N_lo=0.170, N(d10=1, WimPyDD norm)=0.941 (P012: 3.336 at 1000 GeV)
[   161s] done
