E grid: 115 points; halo v_max = 844 km/s; hamiltonians: ['anapole_full', 'anapole_O8only', 'anapole_O9only', 'anapole_flipsign', 'AV_heavy_F1only', 'anapole_q2', 'edm_photon', 'edm_contact_q0', 'edm_contact_q2', 'O9_iso', 'O9_q2_iso', 'O14_iso', 'L10_ref']
  anapole_full       m=  200 GeV  dR/dE(248) = 2.247e+07 /t/yr/keV  (17s)
  anapole_full       m= 1000 GeV  dR/dE(248) = 1.731e+07 /t/yr/keV  (45s)
  anapole_full       m= 4000 GeV  dR/dE(248) = 5.205e+06 /t/yr/keV  (68s)
  anapole_O8only     m= 1000 GeV  dR/dE(248) = 1.897e+05 /t/yr/keV  (89s)
  anapole_O9only     m= 1000 GeV  dR/dE(248) = 1.898e+07 /t/yr/keV  (111s)
  anapole_flipsign   m= 1000 GeV  dR/dE(248) = 2.103e+07 /t/yr/keV  (145s)
  AV_heavy_F1only    m= 1000 GeV  dR/dE(248) = 2.741e+05 /t/yr/keV  (175s)
  anapole_q2         m= 1000 GeV  dR/dE(248) = 1.687e-05 /t/yr/keV  (202s)
  edm_photon         m=  200 GeV  dR/dE(248) = 3.220e+12 /t/yr/keV  (227s)
  edm_photon         m= 1000 GeV  dR/dE(248) = 2.485e+12 /t/yr/keV  (251s)
  edm_photon         m= 4000 GeV  dR/dE(248) = 7.464e+11 /t/yr/keV  (276s)
  edm_contact_q0     m=  200 GeV  dR/dE(248) = 3.645e+10 /t/yr/keV  (299s)
  edm_contact_q0     m= 1000 GeV  dR/dE(248) = 2.813e+10 /t/yr/keV  (323s)
  edm_contact_q0     m= 4000 GeV  dR/dE(248) = 8.449e+09 /t/yr/keV  (354s)
  edm_contact_q2     m=  200 GeV  dR/dE(248) = 3.629e-02 /t/yr/keV  (382s)
  edm_contact_q2     m= 1000 GeV  dR/dE(248) = 2.802e-02 /t/yr/keV  (409s)
  edm_contact_q2     m= 4000 GeV  dR/dE(248) = 8.413e-03 /t/yr/keV  (432s)
  O9_iso             m=  200 GeV  dR/dE(248) = 6.714e-03 /t/yr/keV  (464s)
  O9_iso             m= 1000 GeV  dR/dE(248) = 5.167e-03 /t/yr/keV  (491s)
  O9_iso             m= 4000 GeV  dR/dE(248) = 1.553e-03 /t/yr/keV  (517s)
  O9_q2_iso          m=  200 GeV  dR/dE(248) = 3.103e-05 /t/yr/keV  (543s)
  O9_q2_iso          m= 1000 GeV  dR/dE(248) = 2.388e-05 /t/yr/keV  (566s)
  O9_q2_iso          m= 4000 GeV  dR/dE(248) = 7.179e-06 /t/yr/keV  (590s)
  O14_iso            m= 1000 GeV  dR/dE(248) = 2.521e-09 /t/yr/keV  (611s)
  L10_ref            m=  200 GeV  dR/dE(248) = 7.193e-03 /t/yr/keV  (641s)
  L10_ref            m= 1000 GeV  dR/dE(248) = 5.535e-03 /t/yr/keV  (671s)
  L10_ref            m= 4000 GeV  dR/dE(248) = 1.664e-03 /t/yr/keV  (698s)

Part C summary (1000 GeV):
       structure  N_lo_per_hi  N_mid_per_hi  ratio_100_200_over_hi     f_hi  Z_pred_P016  E_peak_keV       g_1roi        g_1hi  N2024_lo_if_1hi
    anapole_full    26.910386      3.761603               2.134470 0.029514     2.712622        10.0 2.727553e-06 1.587679e-05        39.797050
  anapole_O8only  1264.115291     71.731990               8.485275 0.000695     0.855475        10.0 2.899735e-06 1.100083e-04      1869.466275
  anapole_O9only     2.219869      2.575770               2.037771 0.169766     3.110431        13.0 6.274335e-06 1.522800e-05         3.282904
anapole_flipsign    25.155222      3.973664               2.179255 0.031255     2.734069        10.0 2.545679e-06 1.439941e-05        37.201385
 AV_heavy_F1only   946.091369     60.228223               9.524316 0.000923     0.995340        10.0 2.886495e-06 9.502407e-05      1399.149207
      anapole_q2     0.289122      1.145894               0.979162 0.404829     3.332598       211.0 1.104653e+01 1.736160e+01         0.427574
      edm_photon 18103.587861    173.163222               7.186345 0.000038     0.000000         1.0 1.663380e-10 2.694646e-08     26772.911625
  edm_contact_q0   117.677799     18.214054               3.733637 0.007219     2.123385        19.0 2.435495e-08 2.866540e-07       174.030547
  edm_contact_q2     2.192241      3.382000               2.053929 0.152009     3.111572        46.0 1.255918e-01 3.221269e-01         3.242046
          O9_iso     2.067135      2.687284               2.066151 0.171379     3.116926        13.0 3.790270e-01 9.155707e-01         3.057031
       O9_q2_iso     0.024112      1.037394               0.958408 0.478039     3.450000       214.0 1.007768e+01 1.457568e+01         0.035658
         O14_iso     2.345315      2.829641               2.153056 0.159642     3.105421        13.0 5.213726e+02 1.304893e+03         3.468424
         L10_ref     0.198656      1.608384               1.388693 0.352921     3.450000       199.0 5.475715e-01 9.217272e-01         0.293787

Mass dependence:
     structure  m_GeV  N_lo_per_hi  Z_pred_P016       g_1roi        g_1hi  g_max_2024_tol3
  anapole_full  200.0    82.460611     2.266211 1.319241e-06 1.306191e-05     2.048700e-06
  anapole_full 1000.0    26.910386     2.712622 2.727553e-06 1.587679e-05     4.359110e-06
  anapole_full 4000.0    23.087211     2.761347 5.382713e-06 2.919506e-05     8.654038e-06
    edm_photon  200.0 54135.843318     0.000000 7.617789e-11 2.148795e-08     1.315369e-10
    edm_photon 1000.0 18103.587861     0.000000 1.663380e-10 2.694646e-08     2.852427e-10
    edm_photon 4000.0 15591.025071     0.000000 3.315027e-10 4.978806e-08     5.679146e-10
edm_contact_q0  200.0   337.821107     1.790345 1.173785e-08 2.299940e-07     1.782249e-08
edm_contact_q0 1000.0   117.677799     2.123385 2.435495e-08 2.866540e-07     3.763621e-08
edm_contact_q0 4000.0   101.946620     2.181017 4.815292e-08 5.291944e-07     7.464900e-08
edm_contact_q2  200.0     6.087967     3.037058 7.177794e-02 2.602208e-01     1.502108e-01
edm_contact_q2 1000.0     2.192241     3.111572 1.255918e-01 3.221269e-01     3.098689e-01
edm_contact_q2 4000.0     1.907973     3.124227 2.414116e-01 5.941282e-01     6.126171e-01
        O9_iso  200.0     6.360900     3.034268 2.142986e-01 7.516840e-01     4.244936e-01
        O9_iso 1000.0     2.067135     3.116926 3.790270e-01 9.155707e-01     9.069902e-01
        O9_iso 4000.0     1.772121     3.130958 7.286970e-01 1.684079e+00     1.801818e+00
     O9_q2_iso  200.0     0.071885     3.450000 7.298305e+00 1.208053e+01     6.417420e+01
     O9_q2_iso 1000.0     0.024112     3.450000 1.007768e+01 1.457568e+01     1.336930e+02
     O9_q2_iso 4000.0     0.020763     3.450000 1.879906e+01 2.677600e+01     2.646622e+02
       L10_ref  200.0     0.601098     3.229477 3.669269e-01 7.602932e-01     1.396701e+00
       L10_ref 1000.0     0.198656     3.450000 5.475715e-01 9.217272e-01     2.945419e+00
       L10_ref 4000.0     0.170715     3.450000 1.030482e+00 1.694329e+00     5.840599e+00

Hardness vs mass (L16 pattern test: Table S6 L16^s = 2.8/3.3/3.4/3.4/3.2 at 100/200/400/1000/4000 GeV; L10^s = 2.9/3.1/3.4/3.4/3.4):
   structure  m_GeV  E_peak_keV     f_hi  f_edge_270_330  f_raw_above270  rho_248_per_roi_event  N_lo_per_hi
anapole_full  200.0        10.0 0.010201        0.000182        0.001962               0.000106    82.460611
anapole_full 1000.0        10.0 0.029514        0.000716        0.009222               0.000349    26.910386
anapole_full 4000.0        10.0 0.033993        0.000857        0.011303               0.000408    23.087211
      O9_iso  200.0        13.0 0.081277        0.001263        0.012701               0.000839     6.360900
      O9_iso 1000.0        13.0 0.171379        0.003628        0.041324               0.002009     2.067135
      O9_iso 4000.0        13.0 0.187227        0.004122        0.047602               0.002230     1.772121
   O9_q2_iso  200.0       196.0 0.364983        0.008281        0.092941               0.004466     0.071885
   O9_q2_iso 1000.0       214.0 0.478039        0.014511        0.172076               0.006530     0.024112
   O9_q2_iso 4000.0       214.0 0.492925        0.015525        0.184798               0.006827     0.020763
     L10_ref  200.0       175.0 0.232915        0.004387        0.048060               0.002625     0.601098
     L10_ref 1000.0       199.0 0.352921        0.008976        0.106322               0.004479     0.198656
     L10_ref 4000.0       199.0 0.369901        0.009773        0.116579               0.004766     0.170715

Anapole decomposition (1000 GeV): {"O8_fraction_R_lo": 0.9784548711557987, "O9_fraction_R_lo": 0.08966988795095217, "O8_fraction_R_hi": 0.020829269790153513, "O9_fraction_R_hi": 1.0870243738088632, "O8_fraction_at_20keV": 0.9546541880236012, "O9_fraction_at_248keV": 1.096500500921424, "interference_R_lo": -0.06812475910675081, "interference_R_hi": -0.1078536435990166, "N_lo_full": 26.910386173586904, "N_lo_O8only": 1264.1152907182973, "N_lo_O9only": 2.2198686350032926, "N_lo_flipsign": 25.15522204007778, "R_hi_flip_over_full": 1.2157263430806586, "R_lo_flip_over_full": 1.1364335652002824}
Cross-checks: {"O9_iso_N_lo_1000": 2.0671350072227836, "P003_O9s": 2.1, "edm_contact_q0_N_lo_1000": 117.67779851126933, "P003_O11s_isoscalar": 258, "P031_PS_O11": 260, "anapole_full_N_lo_1000": 26.910386173586904, "P031_anapole": 26.9, "edm_photon_N_lo_1000": 18103.587860576186, "P031_edm_photon": 18200, "L10_ref_N_lo_1000": 0.19865567087685893, "P003_P012_L10": 0.2, "L10_ref_N_unit_wd_1000": 3.335172332246681, "P012_N_unit_wd_1000": 3.34, "anapole_A_1roi_1000": 2.7275533739983407e-06, "P031_anapole_a_1event": 2.73e-06}

Part D (1000 GeV, vs L10):
      structure  E_peak_keV  E_peak_L10  ratio_100_200_over_hi  ratio_L10  ratio_mid_over_hi  ratio_mid_L10  KL_vs_L10_ideal  N3sigma_ideal  KL_vs_L10_smeared  N3sigma_smeared
   anapole_full        10.0       199.0               2.134470   1.388693           3.761603       1.608384         2.269894       5.153886           2.085417         5.131716
 anapole_O9only        13.0       199.0               2.037771   1.388693           2.575770       1.608384         0.524864      41.206749           0.485972        43.169805
         O9_iso        13.0       199.0               2.066151   1.388693           2.687284       1.608384         0.457381      46.376877           0.426654        48.342790
      O9_q2_iso       214.0       199.0               0.958408   1.388693           1.037394       1.608384         0.083363     187.339407           0.077685       199.750530
        O14_iso        13.0       199.0               2.153056   1.388693           2.829641       1.608384         0.512081      40.926292           0.478455        42.617612
 edm_contact_q2        46.0       199.0               2.053929   1.388693           3.382000       1.608384         0.709426      28.282380           0.566304        33.873167
 edm_contact_q0        19.0       199.0               3.733637   1.388693          18.214054       1.608384         2.181434       3.223461           2.090578         3.462271
     edm_photon         1.0       199.0               7.186345   1.388693         173.163222       1.608384         4.454431       1.975106           3.478309         1.618419
AV_heavy_F1only        10.0       199.0               9.524316   1.388693          60.228223       1.608384         2.759974       2.560975           2.560233         2.481665
     anapole_q2       211.0       199.0               0.979162   1.388693           1.145894       1.608384         0.050817     372.149657           0.038297       484.966231
done in 707 s
