Part B: Fig. 6 bottom digitised; x rms 0.0000 dex; frame masses 9.0-4000 GeV; d10 range 0.089-111.1
 m_GeV   x_pt  mass_from_x  d10_upper  d10_median_sens  d10_lower
 100.0 232.77   100.001868   0.631956         0.454976   0.154355
 200.0 280.57   199.991458   0.428718         0.298537   0.112267
 400.0 328.38   400.016361   0.449912         0.308578   0.124661
1000.0 391.57   999.986391   0.614136         0.416525   0.171182
4000.0 487.18  4000.034463   1.144294         0.789332   0.321586
  L10 spectrum m=100 done (9s)
  L10 spectrum m=200 done (17s)
  L10 spectrum m=400 done (26s)
  L10 spectrum m=1000 done (35s)
  L10 spectrum m=4000 done (45s)
Part C: Fig.1/WimPyDD(Anand x 2) scale = 3.859 (200 GeV), 3.857 (1000 GeV); rms resid 0.084 dex
 m_GeV  N_unit_wd  N_unit_lz  d10_lz_bestfit  d10_lz_lo68  d10_lz_up68  d10_wd_bestfit  fig6_lower  fig6_upper  N_at_fig6_lower_lz  N_at_fig6_upper_lz  N_at_fig6_lower_wd  N_at_fig6_upper_wd
 100.0   4.566623  17.612882        0.238278     0.130510     0.369139        0.467953    0.154355    0.631956            0.419637            7.034034            0.108802            1.823766
 200.0   7.429866  28.656043        0.186806     0.102318     0.289399        0.366868    0.112267    0.428718            0.361178            5.266947            0.093645            1.365601
 400.0   6.343155  24.464739        0.202176     0.110736     0.313210        0.397052    0.124661    0.449912            0.380190            4.952177            0.098575            1.283988
1000.0   3.336033  12.866652        0.278784     0.152696     0.431890        0.547501    0.171182    0.614136            0.377037            4.852822            0.097757            1.258227
4000.0   0.941878   3.632705        0.524668     0.287373     0.812813        1.030392    0.321586    1.144294            0.375685            4.756695            0.097407            1.233304
Part D (P003 efficiency):
 m_GeV     f_lo  N_lo_per_hi  N_mid_per_hi  N2024_lo_bestfit  N2024_lo_up68  N2024_lo_plr_hi  N_ROI_max_for_tol3  d10_lz_max_for_tol3  d10_lz_max_for_tol10
 100.0 0.370822     6.081834      9.269134          0.548398       1.316156         2.001653            5.470478             0.557311              1.017506
 200.0 0.140243     0.602562      2.671574          0.207402       0.497765         0.757018           14.464651             0.710470              1.297135
 400.0 0.088822     0.283192      1.880330          0.131357       0.315257         0.479454           22.838493             0.966192              1.764017
1000.0 0.070218     0.198981      1.608302          0.103843       0.249223         0.379027           28.889798             1.498440              2.735765
4000.0 0.063257     0.171041      1.505548          0.093549       0.224518         0.341454           32.068718             2.971158              5.424568
  photon dipole m=100: N_lo/hi = 1.29e+04, mu(1 ROI ev) = 3.07e-07 mu_N (57s)
  photon dipole m=200: N_lo/hi = 1.18e+03, mu(1 ROI ev) = 4.2e-07 mu_N (68s)
  photon dipole m=400: N_lo/hi = 541, mu(1 ROI ev) = 5.85e-07 mu_N (79s)
  photon dipole m=1000: N_lo/hi = 376, mu(1 ROI ev) = 9.16e-07 mu_N (90s)
  photon dipole m=4000: N_lo/hi = 322, mu(1 ROI ev) = 1.82e-06 mu_N (101s)
Part E decomposition (1000 GeV): {"full": {"R_lo": 298904581374.5771, "R_hi": 795311313.9467211, "N_lo_per_hi": 375.8334329374335, "dRdE_10": 19716820984.672962, "dRdE_248": 9032075.593017694}, "charge_dipole_O1_O5": {"R_lo": 262852782202.11105, "R_hi": 14568527.258671567, "N_lo_per_hi": 18042.508864144398, "dRdE_10": 17531087887.967083, "dRdE_248": 84176.31142955214}, "dipole_dipole_O4_O6": {"R_lo": 22645859056.52205, "R_hi": 709190649.8072929, "N_lo_per_hi": 31.931976348920514, "dRdE_10": 1534247002.287932, "dRdE_248": 8138485.632812985}, "spin_fraction_at_248keV": 0.9010648271261698, "spin_fraction_of_R_hi": 0.891714524074
Part F: {
 "e_natural": 0.30282211985966434,
 "mu_nuc_GeV_inv": 0.16137224592637547,
 "mu_nuc_e_cm": 1.0515446501654104e-14,
 "g_p": 5.5857,
 "g_n": -3.8261,
 "g0_isoscalar": 0.8798000000000001,
 "d10_bestfit_lz_norm_1000GeV": 0.2787835981441591,
 "d10_bestfit_wd_norm_1000GeV": 0.5475009034277041,
 "A_anand_bestfit_GeV_m2": 4.5992934710633164e-06,
 "G_dd_GeV_m4": 5.22436617941897e-06,
 "G_dd_scale_GeV": 20.916624391358347,
 "q_event_GeV": 0.24638151463763305,
 "q2_event_GeV2": 0.06070385075513419,
 "mu_eff_photon_equiv_at_q_event_GeV_inv": 4.467525554853357e-06,
 "mu_eff_photon_equiv_at_q_event_muN": 2.7684596748387715e-05,
 "mu_eff_photon_equiv_at_q_event_ecm": 2.911158960275382e-19,
 "heavy_mediator_muchi_over_muN_for_M_1TeV_and_muN_1muN": 200.62078365902897,
 "photon_dipole_mu_for_1_ROI_event_1000GeV_muN": 9.155058712021474e-07,
 "photon_dipole_mu_for_1_ROI_event_1000GeV_ecm": 9.626953010576413e-21,
 "photon_dipole_N_lo_per_hi_1000GeV": 375.8334329374335
}
Part G: {"exact_poisson": {"n1_lower": 0.10536051565782616, "n1_upper": 4.357409151826663, "n0_upper_expected": 2.4359150906191944}, "asymptotic": {"n1_lower": 0.10568231833889348, "n1_upper": 3.6468689879403695, "n0_upper_expected": 1.3530000000000002}, "fig6_1000GeV_implied_N": {"lower_lz": 0.37703664608919735, "upper_lz": 4.852821939321888, "median_lz": 2.23227140000125, "lower_wd": 0.09775710264671163, "upper_wd": 1.2582273298078124, "median_wd": 0.5787776510552118}}
done in 121 s
