[    0.0s] loaded cached WimPyDD spectra output/work/P008/spectra_cache.npz
[    0.0s] P008 space loaded: 501 models, 496 physical; background 2.922
[    0.0s] loaded cached extra spectra output/work/P071/extra_spectra_cache.npz
[    0.0s] isospin check: proton-only (r=0) high-energy node at 305.5 keV (P032: 292 proton-only / 247 neutron-only)
[    0.0s] extra spectra: 161 physical 158
[    0.0s] total models in toys: 654
[    0.0s] toys: pair A (50000 cal + 50000 eval) ...
[   72.6s] toys: pair B ...
[  152.6s] toys done
[  154.3s] MAIN LZ-like: N_eff@3.4 = 15.89 (A 15.29 B 16.49 ) Z_global = 2.553
[  154.3s] CORPUS: N_eff@3.4 = 20.1 Z_global = 2.47  @3.6: 2.616
                                                                     space  n_models  N_eff@3.4  N_eff_spread@3.4  Z_global@3.4  Z_global@3.6  Bonferroni_Z@3.4
0                                 (c) single model O6s 1 TeV [L10/L4-like]         1   0.949746          0.296843      3.414071      3.567794          3.400000
1                                    (c') single model O1s 1 TeV delta=350         1   1.246604          0.118749      3.339266      3.553598          3.400000
2                                      (b1) 6 a-priori high-energy spectra         6   3.533406          0.564493      3.038195      3.296206          2.874775
3                       (b2) 6 spectra with largest fraction above 200 keV         6   1.721639          0.059384      3.248537      3.339266          2.874775
4   (a) 14 isoscalar ops at 1 TeV + O1s/O4s inelastic 1 TeV x 8 delta (30)        30   7.606494          1.071035      2.799385      3.043299          2.322319
5      (a') 28 s+v ops at 1 TeV + O1/O4 s+v inelastic 1 TeV x 8 delta (60)        60   8.707485          1.160719      2.755514      2.999977          2.049313
6                                           heavy elastic m>=100 GeV (140)       140   5.376009          0.267558      2.909506      3.121389          1.672934
7                                                inelastic O1/O4 grid (96)        92  11.804351          0.625655      2.654611      2.889382          1.866332
8                                LZ-like full space (456; LZ 293 distinct)       456  15.888815          0.596683      2.552998      2.795622          1.020947
9                                     + continuous delta scan [P021] (497)       496  18.336223          0.895763      2.502844      2.717385          0.965621
10                                                + light mediators [P051]       586  19.799662          0.687090      2.475634      2.637986          0.850799
11                                                 + isospin ratios [P032]       633  20.068536          0.717028      2.470830      2.622060          0.795105
12                         + halo/date variants [P018,P006] = corpus space       654  20.098412          0.687159      2.470299      2.615872          0.771006
13                         corpus extras only (scan+lightmed+isospin+halo)       198  15.978319          0.566866      2.551046      2.672003          1.500735
[  178.9s]   calibration-size study: pair A, N_cal = 6250 (8 replicates) done
[  193.9s]   calibration-size study: pair A, N_cal = 12500 (4 replicates) done
[  201.5s]   calibration-size study: pair A, N_cal = 25000 (2 replicates) done
[  205.2s]   calibration-size study: pair A, N_cal = 50000 (1 replicates) done
[  226.6s]   calibration-size study: pair B, N_cal = 6250 (8 replicates) done
[  237.4s]   calibration-size study: pair B, N_cal = 12500 (4 replicates) done
[  244.3s]   calibration-size study: pair B, N_cal = 25000 (2 replicates) done
[  248.1s]   calibration-size study: pair B, N_cal = 50000 (1 replicates) done
calibration-size dependence (LZ-like / corpus; mean over pairs and replicates):
Z                                                           2.0       2.5        3.0        3.4
space                                           N_cal                                          
+ halo/date variants [P018,P006] = corpus space 6250   5.006080  6.512621  10.544291  23.709339
                                                12500  4.976987  6.448981   9.867304  21.727397
                                                25000  4.966199  6.425106   9.792144  20.546871
                                                50000  4.960583  6.373193   9.627103  20.098492
LZ-like full space (456; LZ 293 distinct)       6250   4.931832  6.294766  10.101433  20.551372
                                                12500  4.902384  6.228927   9.499817  17.911228
                                                25000  4.892704  6.210521   9.469666  16.665023
                                                50000  4.884668  6.149536   9.304724  15.888875
debiased LZ-like: {
 "2.0": {
  "N_eff_50k": 4.884668383265881,
  "N_eff_inf_1overN": 4.878008527613398,
  "N_eff_inf_1oversqrtN": 4.856652008828741,
  "N_eff_debiased": 4.867330268221069,
  "N_eff_debiased_halfrange": 0.01067825939232847,
  "bias_at_50k_pct": 0.35621406580959025,
  "Z_global_debiased": 1.2482707475811012
 },
 "2.5": {
  "N_eff_50k": 6.149535502642133,
  "N_eff_inf_1overN": 6.151760697608564,
  "N_eff_inf_1oversqrtN": 6.087813754767469,
  "N_eff_debiased": 6.119787226188016,
  "N_eff_debiased_halfrange": 0.03197347142054774,
  "bias_at_50k_pct": 0.48609984881200496,
  "Z_global_debiased": 1.7816535047420055
 },
 "3.0": {
  "N_eff_50k": 9.304724180376375,
  "N_eff_inf_1overN": 9.183544224894094,
  "N_eff_inf_1oversqrtN": 8.84276843906209,
  "N_eff_debiased": 9.013156331978092,
  "N_eff_debiased_halfrange": 0.17038789291600231,
  "bias_at_50k_pct": 3.2349139153818873,
  "Z_global_debiased": 2.2538995118439304
 },
 "3.4": {
  "N_eff_50k": 15.888874778413797,
  "N_eff_inf_1overN": 15.280697396486456,
  "N_eff_inf_1oversqrtN": 13.126239786115065,
  "N_eff_debiased": 14.20346859130076,
  "N_eff_debiased_halfrange": 1.0772288051856957,
  "bias_at_50k_pct": 11.86615914471274,
  "Z_global_debiased": 2.5917155922151145
 }
}
debiased corpus: {
 "2.0": {
  "N_eff_50k": 4.960583132992857,
  "N_eff_inf_1overN": 4.952988355501275,
  "N_eff_inf_1oversqrtN": 4.932163611092414,
  "N_eff_debiased": 4.9425759832968446,
  "N_eff_debiased_halfrange": 0.010412372204430476,
  "bias_at_50k_pct": 0.364327220398164,
  "Z_global_debiased": 1.2398645354958002
 },
 "2.5": {
  "N_eff_50k": 6.373192856465517,
  "N_eff_inf_1overN": 6.372062089082769,
  "N_eff_inf_1oversqrtN": 6.3097238339271895,
  "N_eff_debiased": 6.340892961504979,
  "N_eff_debiased_halfrange": 0.03116912757778989,
  "bias_at_50k_pct": 0.5093903202061156,
  "Z_global_debiased": 1.7656448720518925
 },
 "3.0": {
  "N_eff_50k": 9.627102804279353,
  "N_eff_inf_1overN": 9.479109056509596,
  "N_eff_inf_1oversqrtN": 9.080688091748867,
  "N_eff_debiased": 9.27989857412923,
  "N_eff_debiased_halfrange": 0.19921048238036487,
  "bias_at_50k_pct": 3.74146578625405,
  "Z_global_debiased": 2.2427292734448816
 },
 "3.4": {
  "N_eff_50k": 20.098491665555297,
  "N_eff_inf_1overN": 19.568090513254653,
  "N_eff_inf_1oversqrtN": 17.866965272201682,
  "N_eff_debiased": 18.717527892728167,
  "N_eff_debiased_halfrange": 0.8505626205264853,
  "bias_at_50k_pct": 7.37791753666166,
  "Z_global_debiased": 2.4955729476773003
 }
}
                                                                     space  n_models  N_eff@3.4  N_eff_deb@3.4  N_eff_deb_halfrange@3.4  Z_global@3.4  Z_global_deb@3.4  Z_global_deb@3.0
0                                 (c) single model O6s 1 TeV [L10/L4-like]         1   0.949746       0.840574                 0.067550      3.414071          3.447193          3.049872
1                                    (c') single model O1s 1 TeV delta=350         1   1.246604       1.092760                 0.066211      3.339266          3.375673          2.961368
2                                      (b1) 6 a-priori high-energy spectra         6   3.533406       2.997696                 0.275336      3.038195          3.087373          2.637078
3                       (b2) 6 spectra with largest fraction above 200 keV         6   1.721639       1.478192                 0.167068      3.248537          3.291651          2.973108
4   (a) 14 isoscalar ops at 1 TeV + O1s/O4s inelastic 1 TeV x 8 delta (30)        30   7.606494       6.459036                 0.775058      2.799385          2.851710          2.415424
5      (a') 28 s+v ops at 1 TeV + O1/O4 s+v inelastic 1 TeV x 8 delta (60)        60   8.707485       7.372380                 0.874838      2.755514          2.809451          2.381931
6                                           heavy elastic m>=100 GeV (140)       140   5.376009       4.636649                 0.584482      2.909506          2.955411          2.508411
7                                                inelastic O1/O4 grid (96)        92  11.804351      10.777225                 0.661236      2.654611          2.685120          2.377493
8                                LZ-like full space (456; LZ 293 distinct)       456  15.888815      14.203469                 1.077229      2.552998          2.591716          2.253900
9                                     + continuous delta scan [P021] (497)       496  18.336223      16.859839                 0.861130      2.502844          2.532327          2.253276
10                                                + light mediators [P051]       586  19.799662      18.429082                 0.820315      2.475634          2.501061          2.246753
11                                                 + isospin ratios [P032]       633  20.068536      18.660713                 0.852853      2.470830          2.496648          2.242729
12                         + halo/date variants [P018,P006] = corpus space       654  20.098412      18.717528                 0.850563      2.470299          2.495573          2.242729
13                         corpus extras only (scan+lightmed+isospin+halo)       198  15.978319      15.200598                 0.487467      2.551046          2.568343          2.369316
corpus/LZ-like N_eff ratio 1.317813868662486 honest global: {'this_work_debiased': {'N_eff': 18.717527892728167, 'Z_global': 2.4955729476773003}, 'P008_12.2': {'N_eff': 16.077329197682328, 'Z_global': 2.548898619054901}, 'LZ_13.9': {'N_eff': 18.264900219662056, 'Z_global': 2.5042183779183835}}
[  248.3s] calibration matrices released
                            variable    M  Nyholt_Cheverud  Li_Ji  participation_ratio      Galwey  Gao_99p5  lambda_max
0    gaussianised_Z (randomised PIT)  456       384.205268  179.0             6.264190  196.641500       444  162.435850
1  asymptotic sqrt(q0) [P008 metric]  456       302.645004   16.0             2.954229    8.610043        14  222.353885
2           tail indicator I(p<=0.1)  456       352.401568   59.0             4.359530   46.128732       193  175.647616
3          tail indicator I(p<=0.01)  456       376.669662   69.0             5.676560   55.429799       206  137.807943
4         tail indicator I(p<=0.001)  456       396.000232   85.0             7.475438   60.729753       172  120.120570
cluster sizes: {
"2.0": {
"mean_models_exceeding_given_any": 95.4646697388633,
"M_over_Neff": 93.35574358145217,
"n_toys_any": 5208
},
"2.5": {
"mean_models_exceeding_given_any": 75.34850166481687,
"M_over_Neff": 74.15442033299396,
"n_toys_any": 1802
},
"3.0": {
"mean_models_exceeding_given_any": 50.531409168081495,
"M_over_Neff": 49.00837128575981,
"n_toys_any": 589
},
"3.4": {
"mean_models_exceeding_given_any": 32.719844357976655,
"M_over_Neff": 28.69943454137218,
"n_toys_any": 257
}
}
GV 1D calibrated:
      c0     N_up    c      p_GV  N_eff_GV  p_direct  N_eff_direct        metric                                      scan
3   0.5  0.48044  3.4  0.002018  5.995786    0.0034      10.10663  calibrated Z  delta scan O1s 1 TeV (41 pts, 0-400 keV)
7   1.0  0.31086  3.4  0.001920  5.702930    0.0034      10.10663  calibrated Z  delta scan O1s 1 TeV (41 pts, 0-400 keV)
11  1.5  0.16302  3.4  0.001888  5.607567    0.0034      10.10663  calibrated Z  delta scan O1s 1 TeV (41 pts, 0-400 keV)
15  2.0  0.06528  3.4  0.001827  5.425937    0.0034      10.10663  calibrated Z  delta scan O1s 1 TeV (41 pts, 0-400 keV)
19  2.5  0.01908  3.4  0.001678  4.984304    0.0034      10.10663  calibrated Z  delta scan O1s 1 TeV (41 pts, 0-400 keV)
23  3.0  0.00764  3.4  0.002461  7.312374    0.0034      10.10663  calibrated Z  delta scan O1s 1 TeV (41 pts, 0-400 keV)
GV 1D asymptotic:
      c0     N_up    c      p_GV  N_eff_GV  p_direct  N_eff_direct               metric                                      scan
3   0.5  0.40720  3.4  0.001762  5.233667    0.0008      2.374936  asymptotic sqrt(q0)  delta scan O1s 1 TeV (41 pts, 0-400 keV)
7   1.0  0.24342  3.4  0.001577  4.682012    0.0008      2.374936  asymptotic sqrt(q0)  delta scan O1s 1 TeV (41 pts, 0-400 keV)
11  1.5  0.10492  3.4  0.001335  3.964619    0.0008      2.374936  asymptotic sqrt(q0)  delta scan O1s 1 TeV (41 pts, 0-400 keV)
15  2.0  0.04292  3.4  0.001316  3.909202    0.0008      2.374936  asymptotic sqrt(q0)  delta scan O1s 1 TeV (41 pts, 0-400 keV)
19  2.5  0.01600  3.4  0.001462  4.340773    0.0008      2.374936  asymptotic sqrt(q0)  delta scan O1s 1 TeV (41 pts, 0-400 keV)
23  3.0  0.00582  3.4  0.001955  5.807422    0.0008      2.374936  asymptotic sqrt(q0)  delta scan O1s 1 TeV (41 pts, 0-400 keV)
GV 2D calibrated:
      c      p_GV   N_eff_GV  p_direct  N_eff_direct        metric                                                   scan
0  2.0  0.199268   9.656715   0.06958      3.133858  calibrated Z  inelastic (m,delta) grids O1s/O1v/O4s/O4v (4 x 3 x 8)
1  2.5  0.064166  10.646437   0.02480      4.031562  calibrated Z  inelastic (m,delta) grids O1s/O1v/O4s/O4v (4 x 3 x 8)
2  3.0  0.016399  12.241032   0.00858      6.379151  calibrated Z  inelastic (m,delta) grids O1s/O1v/O4s/O4v (4 x 3 x 8)
3  3.4  0.004641  13.804183   0.00376     11.178762  calibrated Z  inelastic (m,delta) grids O1s/O1v/O4s/O4v (4 x 3 x 8)
GV 2D asymptotic:
      c      p_GV  N_eff_GV  p_direct  N_eff_direct               metric                                                   scan
0  2.0  0.134167  6.260119   0.05374      2.400301  asymptotic sqrt(q0)  inelastic (m,delta) grids O1s/O1v/O4s/O4v (4 x 3 x 8)
1  2.5  0.043865  7.201092   0.02062      3.344915  asymptotic sqrt(q0)  inelastic (m,delta) grids O1s/O1v/O4s/O4v (4 x 3 x 8)
2  3.0  0.011477  8.545734   0.00624      4.633924  asymptotic sqrt(q0)  inelastic (m,delta) grids O1s/O1v/O4s/O4v (4 x 3 x 8)
3  3.4  0.003319  9.866650   0.00086      2.553133  asymptotic sqrt(q0)  inelastic (m,delta) grids O1s/O1v/O4s/O4v (4 x 3 x 8)
fits (debiased): {'GV_form_N': 0.7830163363436348, 'powerlaw_a': 1.2935911203455577, 'powerlaw_k': 1.8092595345810396, 'exp_a': 1.0985858317718713, 'exp_b': 0.7154477497481447, 'n_points': 4, 'chi2_GV': 55.8556218607975, 'chi2_power': 12.370344473922161, 'chi2_exp': 6.622638522349575}
fits (raw): {'GV_form_N': 0.7057597634619749, 'powerlaw_a': 1.2968200436045612, 'powerlaw_k': 1.7926028497354667, 'exp_a': 1.0700941758062505, 'exp_b': 0.7255236402237647, 'n_points': 17, 'chi2_GV': 1189.1209630709257, 'chi2_power': 357.2468773181062, 'chi2_exp': 208.96105100364622}
   Z_local       p_local   N_eff_GV  Z_global_GV   cost_GV  N_eff_GV_raw  cost_GV_raw  N_eff_power  Z_global_power  cost_power  N_eff_power_raw  cost_power_raw  N_eff_exp  Z_global_exp  cost_exp  N_eff_exp_raw  cost_exp_raw  Z_global_Bonferroni_287  cost_Bonferroni_287  Z_global_saturation_30_windows  cost_saturation_30_windows
0      3.4  3.369293e-04   8.178108     2.775940  0.624060      7.469877     0.594776    11.840780        2.653573    0.746427        11.630820        0.740407  12.510222      2.634997  0.765003      12.610465      0.767707                 1.327418             2.072582                        2.324153                    1.075847
1      4.0  3.167124e-05   9.293730     3.436809  0.563191      8.475426     0.538308    15.888387        3.288795    0.711205        15.564464        0.705413  19.217374      3.234883  0.765117      19.488825      0.769123                 2.363623             1.636377                        3.105527                    0.894473
2      4.5  3.397673e-06  10.233314     3.977862  0.522138      9.322306     0.500018    19.662014        3.819715    0.680285        19.223406        0.674724  27.482203      3.736307  0.763693      28.011161      0.768492                 3.097847             1.402153                        3.714197                    0.785803
3      5.0  2.866516e-07  11.179712     4.512415  0.487585     10.175327     0.467666    23.791136        4.349586    0.650414        23.219632        0.645085  39.301492      4.238204  0.761796      40.260259      0.767212                 3.768045             1.231955                        4.298458                    0.701542
                                                                     space             best_model  Z_local_max  p_global  Z_global
0                                 (c) single model O6s 1 TeV [L10/L4-like]              O6s_m1000     2.976037   0.00141  2.986707
1                                    (c') single model O1s 1 TeV delta=350         O1s_m1000_d350     2.847963   0.00264  2.789436
2                                      (b1) 6 a-priori high-energy spectra              O6s_m1000     2.976037   0.00443  2.617409
3                       (b2) 6 spectra with largest fraction above 200 keV         O4s_m4000_d350     3.944400   0.00021  3.527187
4   (a) 14 isoscalar ops at 1 TeV + O1s/O4s inelastic 1 TeV x 8 delta (30)         O4s_m1000_d350     3.598547   0.00143  2.982398
5      (a') 28 s+v ops at 1 TeV + O1/O4 s+v inelastic 1 TeV x 8 delta (60)         O4s_m1000_d350     3.598547   0.00158  2.951729
6                                           heavy elastic m>=100 GeV (140)              O6s_m4000     3.002241   0.00647  2.485416
7                                                inelastic O1/O4 grid (96)         O4s_m4000_d350     3.944400   0.00050  3.290527
8                                LZ-like full space (456; LZ 293 distinct)         O4s_m4000_d350     3.944400   0.00079  3.159574
9                                     + continuous delta scan [P021] (497)         O4s_m4000_d350     3.944400   0.00100  3.090232
10                                                + light mediators [P051]         O4s_m4000_d350     3.944400   0.00160  2.947843
11                                                 + isospin ratios [P032]         O4s_m4000_d350     3.944400   0.00172  2.925412
12                         + halo/date variants [P018,P006] = corpus space         O4s_m4000_d350     3.944400   0.00191  2.892656
13                         corpus extras only (scan+lightmed+isospin+halo)  ISO_r-0.70_m1000_d350     3.944400   0.00159  2.949780
extras local Z (top):
                      model        cls  mass  delta         q0     s_hat  p_local   Z_local  Z_asymptotic
630  ISO_r-0.70_m1000_d350    isospin  1000  350.0  10.620192  0.998179  0.00004  3.944400      3.258863
627  ISO_r-0.70_m1000_d300    isospin  1000  300.0   9.901858  0.997390  0.00034  3.397518      3.146722
644       HALO_v0_220_d350       halo  1000  350.0  10.111571  0.997650  0.00042  3.339266      3.179870
555           LM_m0.3_d390   lightmed  1000  390.0  11.046786  0.998529  0.00060  3.238880      3.323671
553           LM_m0.3_d370   lightmed  1000  370.0  10.796643  0.998333  0.00060  3.238880      3.285825
495     O1s_m1000_dfine390  deltascan  1000  390.0  11.037310  0.998522  0.00060  3.238880      3.322245
508          LM_m0.05_d370   lightmed  1000  370.0  10.696416  0.998247  0.00060  3.238880      3.270538
509          LM_m0.05_d380   lightmed  1000  380.0  11.292285  0.998699  0.00060  3.238880      3.360399
510          LM_m0.05_d390   lightmed  1000  390.0  11.056424  0.998536  0.00060  3.238880      3.325120
523           LM_m0.1_d370   lightmed  1000  370.0  10.715660  0.998264  0.00060  3.238880      3.273478
524           LM_m0.1_d380   lightmed  1000  380.0  11.290441  0.998698  0.00060  3.238880      3.360125
525           LM_m0.1_d390   lightmed  1000  390.0  11.054892  0.998535  0.00060  3.238880      3.324890
Bayesian comparison: {
 "LZ_tables_n_entries": 612,
 "LZ_tables_Zmax": 3.4,
 "N_like_LZ_tables_all": 7.596083451990968,
 "N_like_LZ_tables_Zgt0": 3.445507253110642,
 "N_like_LZ_tables_scaled_293": 3.613072161417782,
 "N_like_P008_data_LZlike_asymptoticZ": 18.61190414428711,
 "N_like_P008_data_LZlike_calibratedZ": 85.43514413927782,
 "N_like_P008_data_corpus_calibratedZ": 64.51094632632517,
 "n_models_within_1sigma_of_max_LZ": 223,
 "n_models_Z_ge_3_LZ": 128,
 "P027_Bmax_over_BDM": 10.3,
 "P027_BDM_uniform": 16.4,
 "P027_Bmax": 171,
 "P008_Neff": 12.2,
 "LZ_implied_Neff": 13.9,
 "this_work_Neff_3p4": 15.888814789805181,
 "this_work_Neff_3p4_debiased": 14.20346859130076,
 "M_over_Neff_debiased": 32.1048339050989,
 "M_over_Bayesian_factor_P027": 28.932038834951456,
 "M_over_N_like_LZ_tables": 80.56783523614291,
 "SBB_bound_from_global_p": 13.16596102500799,
 "Z_global_if_Bayesian_trials_factor": 2.699674104199815
}
[  253.7s] done
