===== P074 run 2026-09-16 15:58:53 stage=contact =====
WimPyDD loaded; Sun-frame halo v_max = 844 km/s; E grid 136 points
  contact O1s  : N_lo =  2.75e+03  dR/dE(248) = 4.725e+02  (2s)
  contact O3s  : N_lo =      12.7  dR/dE(248) = 3.096e-01  (3s)
  contact O4s  : N_lo =      28.1  dR/dE(248) = 2.013e-01  (7s)
  contact O5s  : N_lo =      14.2  dR/dE(248) = 9.261e-04  (10s)
  contact O6s  : N_lo =     0.435  dR/dE(248) = 6.084e-04  (14s)
  contact O7s  : N_lo =      32.4  dR/dE(248) = 1.461e-07  (15s)
  contact O8s  : N_lo =       156  dR/dE(248) = 1.334e-02  (19s)
  contact O9s  : N_lo =      2.07  dR/dE(248) = 5.167e-03  (23s)
  contact O10s : N_lo =      3.09  dR/dE(248) = 3.509e-02  (24s)
  contact O11s : N_lo =       259  dR/dE(248) = 8.190e+00  (28s)
  contact O12s : N_lo =       100  dR/dE(248) = 1.100e+00  (32s)
  contact O13s : N_lo =      4.91  dR/dE(248) = 3.932e-05  (37s)
  contact O14s : N_lo =      2.35  dR/dE(248) = 2.521e-09  (41s)
  contact O15s : N_lo =      1.91  dR/dE(248) = 5.452e-03  (45s)
  contact O1p  : N_lo =  1.24e+03  dR/dE(248) = 4.391e+02  (47s)
contact stage done (47s)
===== P074 run 2026-09-16 15:59:51 stage=validate =====
WimPyDD loaded; Sun-frame halo v_max = 844 km/s; E grid 136 points
  validate O1s m=0.1 n=1: N_lo full 5.307e+04 vs factorised 5.263e+04; pointwise ratio range 0.9708-1.0178  (1s)
  validate O1s m=0.3 n=2: N_lo full 1.406e+04 vs factorised 1.408e+04; pointwise ratio range 0.9713-1.0166  (2s)
  validate O6s m=0.3 n=1: N_lo full 0.9436 vs factorised 0.9498; pointwise ratio range 1.0004-1.0092  (4s)
  validate O6s m=0.1 n=2: N_lo full 76.72 vs factorised 78.42; pointwise ratio range 1.0068-1.0368  (6s)
  validate O10s m=0.3 n=1: N_lo full 6.813 vs factorised 6.881; pointwise ratio range 1.0004-1.0092  (7s)
  validate O9s m=1.0 n=1: N_lo full 2.272 vs factorised 2.287; pointwise ratio range 0.9993-1.0019  (10s)
  validate O4s m=0.1 n=1: N_lo full 574 vs factorised 566.9; pointwise ratio range 1.0036-1.0207  (12s)
  validate O11s m=0.03 n=1: N_lo full 2.475e+04 vs factorised 2.449e+04; pointwise ratio range 0.9664-1.0202  (14s)
  validate O1p m=0.1 n=1: N_lo full 2.446e+04 vs factorised 2.413e+04; pointwise ratio range 0.9662-1.0146  (16s)
  validate O5s m=0.3 n=1: N_lo full 32.31 vs factorised 32.71; pointwise ratio range 1.0000-1.0069  (18s)
validation stage done (18s)
===== P074 run 2026-09-16 16:00:11 stage=dipole =====
WimPyDD loaded; Sun-frame halo v_max = 844 km/s; E grid 136 points
  dipole full        : N_lo =     375.2  R_lo = 3.254e+12 R_hi = 8.673e+09 (5s)
  dipole charge_c1c5 : N_lo = 1.801e+04  R_lo = 2.861e+12 R_hi = 1.588e+08 (9s)
  dipole spin_c4c6   : N_lo =     31.94  R_lo = 2.470e+11 R_hi = 7.734e+09 (14s)
  dipole c1_only     : N_lo =      1245  R_lo = 2.249e+09 R_hi = 1.807e+06 (16s)
  dipole c5_only     : N_lo =  1.82e+04  R_lo = 2.859e+12 R_hi = 1.570e+08 (21s)
  dipole c4_only     : N_lo =     29.64  R_lo = 6.691e+11 R_hi = 2.257e+10 (27s)
  dipole c6_only     : N_lo =     28.43  R_lo = 4.353e+11 R_hi = 1.531e+10 (32s)
dipole stage done (32s)
===== P074 run 2026-09-16 16:00:57 stage=analysis =====

N_lo(op, m_med) for n = 1 (1 TeV, Sun-frame halo):
      q^-2 (m->0)     0.01     0.03      0.1      0.3        1        3       10  contact
op                                                                                       
O1s      7.72e+05  7.1e+05 4.19e+05 5.26e+04 6.22e+03 3.02e+03 2.78e+03 2.76e+03 2.75e+03
O3s      1.03e+03      980      722      174     27.9     13.9     12.8     12.7     12.7
O4s      8.28e+03 7.62e+03  4.5e+03      567     65.7       31     28.4     28.2     28.1
O5s      2.38e+03 2.23e+03 1.46e+03      247     32.7     15.7     14.4     14.2     14.2
O6s          27.8     26.7     20.4     5.55     0.95    0.477     0.44    0.436    0.435
O7s      1.29e+04 1.18e+04 6.73e+03      740     77.3     35.7     32.7     32.4     32.4
O8s      4.75e+04 4.37e+04 2.59e+04 3.25e+03      369      172      158      156      156
O9s           506      469      291     40.9     4.85     2.29      2.1     2.08     2.07
O10s          353      333      228     46.1     6.88     3.39     3.12     3.09     3.09
O11s     4.03e+04 3.77e+04 2.45e+04 4.11e+03      568      283      262      259      259
O12s     1.46e+04 1.37e+04  9.1e+03 1.63e+03      226      110      101      100      100
O13s          417      397      291       69     10.9     5.39     4.97     4.92     4.91
O14s          577      535      332     46.5      5.5     2.59     2.38     2.35     2.35
O15s         99.6     96.3       77     23.3     4.13     2.09     1.93     1.91     1.91
O1p      3.48e+05  3.2e+05  1.9e+05 2.41e+04 2.84e+03 1.37e+03 1.26e+03 1.25e+03 1.24e+03

N_lo(op, m_med) for n = 2 (1 TeV, Sun-frame halo):
      q^-4 (m->0)     0.01     0.03      0.1      0.3        1        3       10  contact
op                                                                                       
O1s      4.86e+08 3.94e+08 1.09e+08  1.1e+06 1.41e+04 3.31e+03 2.81e+03 2.76e+03 2.75e+03
O3s       2.8e+05 2.38e+05 8.98e+04 2.67e+03     61.4     15.2     12.9     12.7     12.7
O4s      5.74e+06 4.65e+06 1.28e+06 1.26e+04      154     34.2     28.8     28.2     28.1
O5s      1.18e+06 9.77e+05 3.06e+05 4.77e+03     75.2     17.3     14.5     14.3     14.2
O6s      6.29e+03 5.38e+03 2.13e+03     78.4     2.07    0.523    0.445    0.436    0.435
O7s      9.61e+06 7.76e+06 2.09e+06 1.78e+04      184     39.5     33.1     32.4     32.4
O8s       3.3e+07 2.67e+07 7.42e+06 7.38e+04      871      190      159      156      156
O9s      2.91e+05 2.39e+05 7.13e+04      874     11.3     2.52     2.12     2.08     2.07
O10s     1.46e+05 1.21e+05 3.97e+04      782     15.4     3.72     3.15     3.09     3.09
O11s     1.82e+07  1.5e+07  4.7e+06 7.33e+04 1.25e+03      310      264      259      259
O12s     6.72e+06 5.57e+06 1.77e+06 2.98e+04      511      121      102      100      100
O13s     1.18e+05 9.99e+04 3.74e+04 1.08e+03     24.1     5.92     5.02     4.92     4.91
O14s     3.33e+05 2.73e+05 8.14e+04      994     12.8     2.86     2.41     2.36     2.35
O15s     1.45e+04 1.28e+04 5.92e+03      308     8.94     2.29     1.95     1.91     1.91
O1p      2.23e+08 1.81e+08 5.03e+07 5.11e+05  6.5e+03  1.5e+03 1.27e+03 1.25e+03 1.24e+03

m_med,min per operator:
  op  n  N_lo_contact  N_lo_longrange  N_lo_0p01  m_min_Nlo5_GeV  m_min_Nlo3_GeV  m_contactlike_1p5_GeV  m_contactlike_2_GeV  m_transition_GeV  logslope_0p1_0p3
 O1s  1      2.75e+03        7.72e+05    7.1e+05             inf             inf                  0.456                0.333             0.106             -1.94
 O1s  2      2.75e+03        4.86e+08   3.94e+08             inf             inf                  0.667                0.497            0.0989             -3.96
 O3s  1          12.7        1.03e+03        980             inf             inf                  0.451                0.327             0.126             -1.67
 O3s  2          12.7         2.8e+05   2.38e+05             inf             inf                  0.664                0.494              0.11             -3.43
 O4s  1          28.1        8.28e+03   7.62e+03             inf             inf                  0.469                0.342             0.107             -1.96
 O4s  2          28.1        5.74e+06   4.65e+06             inf             inf                  0.685                0.511            0.0998             -4.01
 O5s  1          14.2        2.38e+03   2.23e+03             inf             inf                  0.465                0.338             0.115             -1.84
 O5s  2          14.2        1.18e+06   9.77e+05             inf             inf                  0.681                0.507             0.104             -3.77
 O6s  1         0.435            27.8       26.7           0.106           0.143                  0.449                0.324             0.131              -1.6
 O6s  2         0.435        6.29e+03   5.38e+03           0.218           0.259                  0.661                0.491             0.112              -3.3
 O7s  1          32.4        1.29e+04   1.18e+04             inf             inf                  0.475                0.347             0.106             -2.05
 O7s  2          32.4        9.61e+06   7.76e+06             inf             inf                  0.692                0.518               0.1             -4.15
 O8s  1           156        4.75e+04   4.37e+04             inf             inf                  0.473                0.345             0.108             -1.98
 O8s  2           156         3.3e+07   2.67e+07             inf             inf                   0.69                0.516             0.101             -4.04
 O9s  1          2.07             506        469           0.293           0.494                  0.469                0.342             0.111             -1.94
 O9s  2          2.07        2.91e+05   2.39e+05           0.446           0.719                  0.685                0.512             0.103             -3.95
O10s  1          3.09             353        333           0.412             inf                  0.455                 0.33             0.119             -1.73
O10s  2          3.09        1.46e+05   1.21e+05           0.608             inf                  0.669                0.497             0.104             -3.57
O11s  1           259        4.03e+04   3.77e+04             inf             inf                  0.447                0.325             0.113              -1.8
O11s  2           259        1.82e+07    1.5e+07             inf             inf                  0.655                0.489             0.102              -3.7
O12s  1           100        1.46e+04   1.37e+04             inf             inf                  0.459                0.333             0.116              -1.8
O12s  2           100        6.72e+06   5.57e+06             inf             inf                  0.672                  0.5             0.103              -3.7
O13s  1          4.91             417        397            2.34             inf                  0.453                0.328             0.126             -1.68
O13s  2          4.91        1.18e+05   9.99e+04            3.31             inf                  0.666                0.496             0.109             -3.46
O14s  1          2.35             577        535           0.324           0.621                  0.469                0.342             0.111             -1.94
O14s  2          2.35        3.33e+05   2.73e+05           0.488           0.894                  0.685                0.511             0.103             -3.95
O15s  1          1.91            99.6       96.3           0.258            0.42                  0.446                0.322             0.137             -1.57
O15s  2          1.91        1.45e+04   1.28e+04           0.404           0.619                  0.658                0.489             0.119             -3.22
 O1p  1      1.24e+03        3.48e+05    3.2e+05             inf             inf                   0.46                0.336             0.107             -1.94
 O1p  2      1.24e+03        2.23e+08   1.81e+08             inf             inf                  0.673                0.502            0.0994             -3.97

Survivors (N_lo <= 5):
  op  n  m_med_GeV   N_lo  pct248_true  pct248_obs  E_peak_keV  ratio_100_200_over_hi  N_hi_unit  c_anand_1hi  Lambda_1hi_GeV  gchi_gN_1hi
 O6s  1        0.3 0.9498       0.9591       0.952          81                  2.767    0.04576    7.712e-05           113.9    6.941e-06
 O6s  1          1 0.4773       0.9388        0.93         129                  2.125     0.1085    5.009e-05           141.3    5.009e-05
 O6s  1          3 0.4401       0.9357      0.9269         132                  2.054     0.1196     4.77e-05           144.8    0.0004293
 O6s  1         10 0.4359       0.9354      0.9265         132                  2.045      0.121    4.743e-05           145.2     0.004743
 O6s  1        inf 0.4355       0.9353      0.9264         132                  2.044     0.1211          NaN             NaN          NaN
 O6s  2        0.3   2.07       0.9759      0.9706          60                  3.774    0.01736    0.0001252           89.37          NaN
 O6s  2          1 0.5231       0.9421      0.9335         114                  2.209    0.09718    5.292e-05           137.5          NaN
 O6s  2          3 0.4447       0.9361      0.9273         132                  2.063     0.1181      4.8e-05           144.3          NaN
 O6s  2         10 0.4363       0.9354      0.9265         132                  2.046     0.1208    4.746e-05           145.2          NaN
 O6s  2        inf 0.4355       0.9353      0.9264         132                  2.044     0.1211          NaN             NaN          NaN
 O9s  1        0.3  4.846       0.9813      0.9748        12.5                  2.728     0.4556    2.444e-05           202.3      2.2e-06
 O9s  1          1  2.287       0.9674      0.9576          13                  2.141       1.07    1.595e-05           250.4    1.595e-05
 O9s  1          3  2.097       0.9653      0.9551          13                  2.075      1.178     1.52e-05           256.5    0.0001368
 O9s  1         10  2.075        0.965      0.9548          13                  2.067      1.192    1.511e-05           257.2     0.001511
 O9s  1        inf  2.073        0.965      0.9547          13                  2.066      1.193          NaN             NaN          NaN
 O9s  2          1  2.522       0.9696      0.9603          13                  2.218     0.9601    1.684e-05           243.7          NaN
 O9s  2          3   2.12       0.9655      0.9554          13                  2.083      1.164    1.529e-05           255.7          NaN
 O9s  2         10  2.078        0.965      0.9548          13                  2.068       1.19    1.512e-05           257.2          NaN
 O9s  2        inf  2.073        0.965      0.9547          13                  2.066      1.193          NaN             NaN          NaN
O10s  1          1  3.389       0.9767      0.9723          36                  3.406      6.753    6.349e-06           396.9    6.349e-06
O10s  1          3  3.119       0.9751      0.9705          36                  3.286       7.44    6.048e-06           406.6    5.443e-05
O10s  1         10  3.089       0.9749      0.9703          36                  3.272      7.525    6.014e-06           407.8    0.0006014
O10s  1        inf  3.086       0.9749      0.9703          36                   3.27      7.533          NaN             NaN          NaN
O10s  2          1  3.721       0.9784      0.9742          36                  3.547      6.053    6.705e-06           386.2          NaN
O10s  2          3  3.152       0.9753      0.9707          36                  3.301      7.348    6.086e-06           405.3          NaN
O10s  2         10  3.092       0.9749      0.9703          36                  3.273      7.516    6.018e-06           407.7          NaN
O10s  2        inf  3.086       0.9749      0.9703          36                   3.27      7.533          NaN             NaN          NaN
O13s  1          3  4.965       0.9724      0.9669          36                 0.8429   0.007966    0.0001848           73.55     0.001664
O13s  1         10  4.918       0.9722      0.9667          36                 0.8404   0.008057    0.0001838           73.76      0.01838
O13s  1        inf  4.913       0.9721      0.9666          36                 0.8402   0.008066          NaN             NaN          NaN
O13s  2         10  4.922       0.9722      0.9667          36                 0.8407   0.008048    0.0001839           73.74          NaN
O13s  2        inf  4.913       0.9721      0.9666          36                 0.8402   0.008066          NaN             NaN          NaN
O14s  1          1  2.594       0.9702       0.961          13                  2.231  5.269e-07      0.02273           6.633      0.02273
O14s  1          3  2.379       0.9682      0.9586          13                  2.162  5.801e-07      0.02166           6.795        0.195
O14s  1         10  2.355       0.9679      0.9583          13                  2.154  5.866e-07      0.02154           6.814        2.154
O14s  1        inf  2.352       0.9679      0.9583          13                  2.153  5.873e-07          NaN             NaN          NaN
O14s  2          1  2.861       0.9723      0.9635          13                  2.312  4.727e-07        0.024           6.456          NaN
O14s  2          3  2.406       0.9685      0.9589          13                  2.171  5.729e-07       0.0218           6.774          NaN
O14s  2         10  2.357        0.968      0.9583          13                  2.155   5.86e-07      0.02155           6.812          NaN
O14s  2        inf  2.352       0.9679      0.9583          13                  2.153  5.873e-07          NaN             NaN          NaN
O15s  1        0.3  4.133       0.9777      0.9721          51                  1.025     0.4094    2.578e-05           196.9     2.32e-06
O15s  1          1   2.09       0.9606      0.9522          54                 0.8057     0.9694    1.676e-05           244.3    1.676e-05
O15s  1          3  1.929       0.9579      0.9491          54                 0.7813      1.069    1.596e-05           250.3    0.0001436
O15s  1         10  1.911       0.9575      0.9487          54                 0.7784      1.081    1.587e-05             251     0.001587
O15s  1        inf  1.909       0.9575      0.9487          54                 0.7781      1.082          NaN             NaN          NaN
O15s  2          1  2.289       0.9635      0.9555          54                 0.8344     0.8685     1.77e-05           237.7          NaN
O15s  2          3  1.949       0.9582      0.9495          54                 0.7844      1.055    1.606e-05           249.5          NaN
O15s  2         10  1.912       0.9576      0.9488          54                 0.7787       1.08    1.588e-05             251          NaN
O15s  2        inf  1.909       0.9575      0.9487          54                 0.7781      1.082          NaN             NaN          NaN

Analytic long-range check (O1s): {"N_lo_contact": 2753.9034615347255, "kinematic_ratio_int_dE_over_E2": 128.8311688311688, "kinematic_ratio_with_efficiency": 111.69818013860568, "rate_weighted_mean_Einv2_lo": 0.006111883291019929, "rate_weighted_mean_Einv2_hi": 2.1845812807490566e-05, "E_eff_lo_keV": 12.791234877670117, "E_eff_hi_keV": 213.95177606895916, "predicted_ratio_q4_over_contact": 279.7736731006074, "N_lo_q4_predicted": 770469.6867980475, "N_lo_q4_numerical": 771967.2199477248, "predicted_ratio_q8_over_contact": 175611.4331469138, "N_lo_q8_predicted": 483616933.62836, "N_lo_q8_numerical": 486030201.0424699, "q_at_30keV_GeV": 0.08569251865033026, "q_at_248keV_GeV": 0.24638151463763303, "q_at_5p4keV_GeV": 0.03635625662076194, "q_at_55keV_GeV": 0.11602821875087772, "O1s_n1_min_logslope": -2.2739639213590195, "O1s_n1_m_at_min_slope_GeV": 0.11220184543019636, "O1s_n1_expected_slope_intermediate": -4, "O1s_n2_min_logslope": -4.745689930921976, "O1s_n2_m_at_min_slope_GeV": 0.1, "O1s_n2_expected_slope_intermediate": -8}

Operator collapse in the m -> 0 limit:
  op  n  N_lo_longrange  N_lo_contact_same_op reference_op  N_lo_reference_contact  ratio_to_reference
 O6s  1            27.8                 0.435          O4s                    28.1               0.988
 O6s  2        6.29e+03                 0.435          O4s                    28.1                 224
O10s  1             353                  3.09          O4s                    28.1                12.6
 O9s  1             506                  2.07          O4s                    28.1                  18
O11s  1        4.03e+04                   259          O1s                2.75e+03                14.6
 O5s  1        2.38e+03                  14.2          O8s                     156                15.3
 O3s  1        1.03e+03                  12.7          O7s                    32.4                31.7
O14s  1             577                  2.35          O7s                    32.4                17.8
O15s  1            99.6                  1.91         O12s                     100               0.993
O13s  1             417                  4.91         O12s                     100                4.15
O12s  1        1.46e+04                   100          NaN                     NaN                 NaN
 O4s  1        8.28e+03                  28.1          NaN                     NaN                 NaN
 O1s  1        7.72e+05              2.75e+03          NaN                     NaN                 NaN

Photon dipole decomposition (1 TeV): {"full": {"N_lo": 375.1603319407797, "R_lo": 3253739674522.677, "R_hi": 8672931004.4333, "frac_R_lo": 1.0, "frac_R_hi": 1.0, "dRdE_10": 247224116440.94177, "dRdE_248": 98494589.16566345, "frac_dRdE_10": 1.0, "frac_dRdE_248": 1.0, "E_peak_keV": 1.0}, "charge_c1c5": {"N_lo": 18009.758349147378, "R_lo": 2860818045178.2773, "R_hi": 158848219.3773419, "frac_R_lo": 0.8792399919326549, "frac_R_hi": 0.018315402174437247, "dRdE_10": 221459075901.05844, "dRdE_248": 917940.8571540304, "frac_dRdE_10": 0.895782657004507, "frac_dRdE_248": 0.00931970847261564, "E_peak_keV": 1.0}, "spin_c4c6": {"N_lo": 31.942496965501967, "R_lo": 247034350292.3211, "R_hi": 7733720709.408512, "frac_R_lo": 0.07592320683385988, "frac_R_hi": 0.8917078557935378, "dRdE_10": 18281466566.847916, "dRdE_248": 88750009.95942168, "frac_dRdE_10": 0.07394693863215845, "frac_dRdE_248": 0.9010648271261701, "E_peak_keV": 8.75}, "c1_only": {"N_lo": 1244.7249671590757, "R_lo": 2248917601.0209074, "R_hi": 1806758.6497873275, "frac_R_lo": 0.0006911793277840592, "frac_R_hi": 0.00020832157535483395, "dRdE_10": 116574098.83056895, "dRdE_248": 10502.315159036085, "frac_dRdE_10": 0.0004715320677803567, "frac_dRdE_248": 0.00010662834626754638, "E_peak_keV": 9.950000000000001}, "c5_only": {"N_lo": 18202.637321795497, "R_lo": 2858567952084.3203, "R_hi": 157041416.66666755, "frac_R_lo": 0.8785484513304439, "frac_R_hi": 0.018107075518805978, "dRdE_10": 221342501802.2278, "dRdE_248": 907438.5419949944, "frac_dRdE_10": 0.8953111249367264, "frac_dRdE_248": 0.009213080126348095, "E_peak_keV": 1.0}, "c4_only": {"N_lo": 29.64075247236499, "R_lo": 669068603728.3069, "R_hi": 22572591716.492374, "frac_R_lo": 0.20563064985414334, "frac_R_hi": 2.6026485976833036, "dRdE_10": 33535006922.622757, "dRdE_248": 268792216.00238544, "frac_dRdE_10": 0.13564617969070092, "frac_dRdE_248": 2.7290048953886092, "E_peak_keV": 9.55}, "c6_only": {"N_lo": 28.431924684811577, "R_lo": 435339749646.3041, "R_hi": 15311652463.642883, "frac_R_lo": 0.13379673643072518, "frac_R_hi": 1.7654530464748424, "dRdE_10": 15739603442.111826, "dRdE_248": 185779357.43857622, "frac_dRdE_10": 0.06366532387171778, "frac_dRdE_248": 1.8861884598158354, "E_peak_keV": 11.05}, "interference_R_lo": 0.04483680123348527, "interference_R_hi": 0.08997674203202491, "c4c6_interference_R_lo": -3.4706671443373787, "c4c6_interference_R_hi": -3.8985793001351747}
Dipole through a massive mediator:
 m_med_GeV  N_lo_full  N_lo_charge  N_lo_spin  charge_frac_R_hi  charge_frac_R_lo  E_peak_keV
         0        375      1.8e+04       31.9            0.0183             0.879           1
      0.01        351     1.69e+04       30.1            0.0183             0.878         6.5
      0.03        232     1.11e+04       20.3            0.0183             0.872        8.65
       0.1       40.5     1.91e+03       3.57            0.0181             0.856        13.1
       0.3       5.46          264      0.467            0.0175             0.848          18
         1       2.64          130      0.223            0.0171             0.847          20
         3       2.42          120      0.205             0.017             0.847          20
        10        2.4          119      0.203             0.017             0.847          20

UV summary:
                                                  uv_structure   op  n  N_lo_contact  N_lo_m0p3  N_lo_longrange  m_min_Nlo5_GeV                         verdict
             scalar mediator, S-S (Higgs portal, light scalar)  O1s  1      2.75e+03   6.22e+03        7.72e+05             inf excluded at every mediator mass
                                vector mediator, V-V (Z', B-L)  O1s  1      2.75e+03   6.22e+03        7.72e+05             inf excluded at every mediator mass
             kinetically mixed dark photon (couples to charge)  O1p  1      1.24e+03   2.84e+03        3.48e+05             inf excluded at every mediator mass
    two-mediator / dipole-dipole SI (e.g. scalar x scalar box)  O1s  2      2.75e+03   1.41e+04        4.86e+08             inf excluded at every mediator mass
                       pseudoscalar mediator, P-P (P031 -> O6)  O6s  1         0.435       0.95            27.8           0.106   allowed for m_med >= 0.11 GeV
          S-P (scalar DM current x pseudoscalar quark current) O10s  1          3.09       6.88             353           0.412   allowed for m_med >= 0.41 GeV
                   axial-vector mediator, A-A (dark Z', light)  O4s  1          28.1       65.7        8.28e+03             inf excluded at every mediator mass
          DM tensor x quark axial current via a light mediator  O9s  1          2.07       4.85             506           0.293   allowed for m_med >= 0.29 GeV
      DM tensor(g5) x quark axial current via a light mediator O14s  1          2.35        5.5             577           0.324   allowed for m_med >= 0.32 GeV
               vector mediator with DM velocity coupling (V-A)  O7s  1          32.4       77.3        1.29e+04             inf excluded at every mediator mass
   vector mediator, anapole-like DM current (A-V, charge part)  O8s  1           156        369        4.75e+04             inf excluded at every mediator mass
                     EDM-type DM x charge via a light mediator O11s  1           259        568        4.03e+04             inf excluded at every mediator mass
q^2-weighted spin (O15, O13, O12, O5, O3) via a light mediator O15s  1          1.91       4.13            99.6           0.258   allowed for m_med >= 0.26 GeV

Factorisation validation: {"pointwise_max_abs_dev": 0.036839999999999984, "pointwise_rms_dev": 0.011873654093679997, "Nlo_max_abs_dev": 0.021761999999999948, "n_points": 110}
analysis done (120s)
===== P074 run 2026-09-16 16:04:39 stage=analysis =====

N_lo(op, m_med) for n = 1 (1 TeV, Sun-frame halo):
      q^-2 (m->0)     0.01     0.03      0.1      0.3        1        3       10  contact
op                                                                                       
O1s      7.72e+05  7.1e+05 4.19e+05 5.26e+04 6.22e+03 3.02e+03 2.78e+03 2.76e+03 2.75e+03
O3s      1.03e+03      980      722      174     27.9     13.9     12.8     12.7     12.7
O4s      8.28e+03 7.62e+03  4.5e+03      567     65.7       31     28.4     28.2     28.1
O5s      2.38e+03 2.23e+03 1.46e+03      247     32.7     15.7     14.4     14.2     14.2
O6s          27.8     26.7     20.4     5.55     0.95    0.477     0.44    0.436    0.435
O7s      1.29e+04 1.18e+04 6.73e+03      740     77.3     35.7     32.7     32.4     32.4
O8s      4.75e+04 4.37e+04 2.59e+04 3.25e+03      369      172      158      156      156
O9s           506      469      291     40.9     4.85     2.29      2.1     2.08     2.07
O10s          353      333      228     46.1     6.88     3.39     3.12     3.09     3.09
O11s     4.03e+04 3.77e+04 2.45e+04 4.11e+03      568      283      262      259      259
O12s     1.46e+04 1.37e+04  9.1e+03 1.63e+03      226      110      101      100      100
O13s          417      397      291       69     10.9     5.39     4.97     4.92     4.91
O14s          577      535      332     46.5      5.5     2.59     2.38     2.35     2.35
O15s         99.6     96.3       77     23.3     4.13     2.09     1.93     1.91     1.91
O1p      3.48e+05  3.2e+05  1.9e+05 2.41e+04 2.84e+03 1.37e+03 1.26e+03 1.25e+03 1.24e+03

N_lo(op, m_med) for n = 2 (1 TeV, Sun-frame halo):
      q^-4 (m->0)     0.01     0.03      0.1      0.3        1        3       10  contact
op                                                                                       
O1s      4.86e+08 3.94e+08 1.09e+08  1.1e+06 1.41e+04 3.31e+03 2.81e+03 2.76e+03 2.75e+03
O3s       2.8e+05 2.38e+05 8.98e+04 2.67e+03     61.4     15.2     12.9     12.7     12.7
O4s      5.74e+06 4.65e+06 1.28e+06 1.26e+04      154     34.2     28.8     28.2     28.1
O5s      1.18e+06 9.77e+05 3.06e+05 4.77e+03     75.2     17.3     14.5     14.3     14.2
O6s      6.29e+03 5.38e+03 2.13e+03     78.4     2.07    0.523    0.445    0.436    0.435
O7s      9.61e+06 7.76e+06 2.09e+06 1.78e+04      184     39.5     33.1     32.4     32.4
O8s       3.3e+07 2.67e+07 7.42e+06 7.38e+04      871      190      159      156      156
O9s      2.91e+05 2.39e+05 7.13e+04      874     11.3     2.52     2.12     2.08     2.07
O10s     1.46e+05 1.21e+05 3.97e+04      782     15.4     3.72     3.15     3.09     3.09
O11s     1.82e+07  1.5e+07  4.7e+06 7.33e+04 1.25e+03      310      264      259      259
O12s     6.72e+06 5.57e+06 1.77e+06 2.98e+04      511      121      102      100      100
O13s     1.18e+05 9.99e+04 3.74e+04 1.08e+03     24.1     5.92     5.02     4.92     4.91
O14s     3.33e+05 2.73e+05 8.14e+04      994     12.8     2.86     2.41     2.36     2.35
O15s     1.45e+04 1.28e+04 5.92e+03      308     8.94     2.29     1.95     1.91     1.91
O1p      2.23e+08 1.81e+08 5.03e+07 5.11e+05  6.5e+03  1.5e+03 1.27e+03 1.25e+03 1.24e+03

m_med,min per operator:
  op  n  N_lo_contact  N_lo_longrange  N_lo_0p01  m_min_Nlo5_GeV  m_min_Nlo3_GeV  m_contactlike_1p5_GeV  m_contactlike_2_GeV  m_transition_GeV  logslope_0p1_0p3
 O1s  1      2.75e+03        7.72e+05    7.1e+05             inf             inf                  0.456                0.333             0.106             -1.94
 O1s  2      2.75e+03        4.86e+08   3.94e+08             inf             inf                  0.667                0.497            0.0989             -3.96
 O3s  1          12.7        1.03e+03        980             inf             inf                  0.451                0.327             0.126             -1.67
 O3s  2          12.7         2.8e+05   2.38e+05             inf             inf                  0.664                0.494              0.11             -3.43
 O4s  1          28.1        8.28e+03   7.62e+03             inf             inf                  0.469                0.342             0.107             -1.96
 O4s  2          28.1        5.74e+06   4.65e+06             inf             inf                  0.685                0.511            0.0998             -4.01
 O5s  1          14.2        2.38e+03   2.23e+03             inf             inf                  0.465                0.338             0.115             -1.84
 O5s  2          14.2        1.18e+06   9.77e+05             inf             inf                  0.681                0.507             0.104             -3.77
 O6s  1         0.435            27.8       26.7           0.106           0.143                  0.449                0.324             0.131              -1.6
 O6s  2         0.435        6.29e+03   5.38e+03           0.218           0.259                  0.661                0.491             0.112              -3.3
 O7s  1          32.4        1.29e+04   1.18e+04             inf             inf                  0.475                0.347             0.106             -2.05
 O7s  2          32.4        9.61e+06   7.76e+06             inf             inf                  0.692                0.518               0.1             -4.15
 O8s  1           156        4.75e+04   4.37e+04             inf             inf                  0.473                0.345             0.108             -1.98
 O8s  2           156         3.3e+07   2.67e+07             inf             inf                   0.69                0.516             0.101             -4.04
 O9s  1          2.07             506        469           0.293           0.494                  0.469                0.342             0.111             -1.94
 O9s  2          2.07        2.91e+05   2.39e+05           0.446           0.719                  0.685                0.512             0.103             -3.95
O10s  1          3.09             353        333           0.412             inf                  0.455                 0.33             0.119             -1.73
O10s  2          3.09        1.46e+05   1.21e+05           0.608             inf                  0.669                0.497             0.104             -3.57
O11s  1           259        4.03e+04   3.77e+04             inf             inf                  0.447                0.325             0.113              -1.8
O11s  2           259        1.82e+07    1.5e+07             inf             inf                  0.655                0.489             0.102              -3.7
O12s  1           100        1.46e+04   1.37e+04             inf             inf                  0.459                0.333             0.116              -1.8
O12s  2           100        6.72e+06   5.57e+06             inf             inf                  0.672                  0.5             0.103              -3.7
O13s  1          4.91             417        397            2.34             inf                  0.453                0.328             0.126             -1.68
O13s  2          4.91        1.18e+05   9.99e+04            3.31             inf                  0.666                0.496             0.109             -3.46
O14s  1          2.35             577        535           0.324           0.621                  0.469                0.342             0.111             -1.94
O14s  2          2.35        3.33e+05   2.73e+05           0.488           0.894                  0.685                0.511             0.103             -3.95
O15s  1          1.91            99.6       96.3           0.258            0.42                  0.446                0.322             0.137             -1.57
O15s  2          1.91        1.45e+04   1.28e+04           0.404           0.619                  0.658                0.489             0.119             -3.22
 O1p  1      1.24e+03        3.48e+05    3.2e+05             inf             inf                   0.46                0.336             0.107             -1.94
 O1p  2      1.24e+03        2.23e+08   1.81e+08             inf             inf                  0.673                0.502            0.0994             -3.97

Survivors (N_lo <= 5):
  op  n  m_med_GeV   N_lo  pct248_true  pct248_obs  E_peak_keV  ratio_100_200_over_hi  N_hi_unit  c_anand_1hi  Lambda_1hi_GeV  gchi_gN_1hi
 O6s  1        0.3 0.9498       0.9591       0.952          81                  2.767    0.04576    7.712e-05           113.9    6.941e-06
 O6s  1          1 0.4773       0.9388        0.93         129                  2.125     0.1085    5.009e-05           141.3    5.009e-05
 O6s  1          3 0.4401       0.9357      0.9269         132                  2.054     0.1196     4.77e-05           144.8    0.0004293
 O6s  1         10 0.4359       0.9354      0.9265         132                  2.045      0.121    4.743e-05           145.2     0.004743
 O6s  1        inf 0.4355       0.9353      0.9264         132                  2.044     0.1211          NaN             NaN          NaN
 O6s  2        0.3   2.07       0.9759      0.9706          60                  3.774    0.01736    0.0001252           89.37          NaN
 O6s  2          1 0.5231       0.9421      0.9335         114                  2.209    0.09718    5.292e-05           137.5          NaN
 O6s  2          3 0.4447       0.9361      0.9273         132                  2.063     0.1181      4.8e-05           144.3          NaN
 O6s  2         10 0.4363       0.9354      0.9265         132                  2.046     0.1208    4.746e-05           145.2          NaN
 O6s  2        inf 0.4355       0.9353      0.9264         132                  2.044     0.1211          NaN             NaN          NaN
 O9s  1        0.3  4.846       0.9813      0.9748        12.5                  2.728     0.4556    2.444e-05           202.3      2.2e-06
 O9s  1          1  2.287       0.9674      0.9576          13                  2.141       1.07    1.595e-05           250.4    1.595e-05
 O9s  1          3  2.097       0.9653      0.9551          13                  2.075      1.178     1.52e-05           256.5    0.0001368
 O9s  1         10  2.075        0.965      0.9548          13                  2.067      1.192    1.511e-05           257.2     0.001511
 O9s  1        inf  2.073        0.965      0.9547          13                  2.066      1.193          NaN             NaN          NaN
 O9s  2          1  2.522       0.9696      0.9603          13                  2.218     0.9601    1.684e-05           243.7          NaN
 O9s  2          3   2.12       0.9655      0.9554          13                  2.083      1.164    1.529e-05           255.7          NaN
 O9s  2         10  2.078        0.965      0.9548          13                  2.068       1.19    1.512e-05           257.2          NaN
 O9s  2        inf  2.073        0.965      0.9547          13                  2.066      1.193          NaN             NaN          NaN
O10s  1          1  3.389       0.9767      0.9723          36                  3.406      6.753    6.349e-06           396.9    6.349e-06
O10s  1          3  3.119       0.9751      0.9705          36                  3.286       7.44    6.048e-06           406.6    5.443e-05
O10s  1         10  3.089       0.9749      0.9703          36                  3.272      7.525    6.014e-06           407.8    0.0006014
O10s  1        inf  3.086       0.9749      0.9703          36                   3.27      7.533          NaN             NaN          NaN
O10s  2          1  3.721       0.9784      0.9742          36                  3.547      6.053    6.705e-06           386.2          NaN
O10s  2          3  3.152       0.9753      0.9707          36                  3.301      7.348    6.086e-06           405.3          NaN
O10s  2         10  3.092       0.9749      0.9703          36                  3.273      7.516    6.018e-06           407.7          NaN
O10s  2        inf  3.086       0.9749      0.9703          36                   3.27      7.533          NaN             NaN          NaN
O13s  1          3  4.965       0.9724      0.9669          36                 0.8429   0.007966    0.0001848           73.55     0.001664
O13s  1         10  4.918       0.9722      0.9667          36                 0.8404   0.008057    0.0001838           73.76      0.01838
O13s  1        inf  4.913       0.9721      0.9666          36                 0.8402   0.008066          NaN             NaN          NaN
O13s  2         10  4.922       0.9722      0.9667          36                 0.8407   0.008048    0.0001839           73.74          NaN
O13s  2        inf  4.913       0.9721      0.9666          36                 0.8402   0.008066          NaN             NaN          NaN
O14s  1          1  2.594       0.9702       0.961          13                  2.231  5.269e-07      0.02273           6.633      0.02273
O14s  1          3  2.379       0.9682      0.9586          13                  2.162  5.801e-07      0.02166           6.795        0.195
O14s  1         10  2.355       0.9679      0.9583          13                  2.154  5.866e-07      0.02154           6.814        2.154
O14s  1        inf  2.352       0.9679      0.9583          13                  2.153  5.873e-07          NaN             NaN          NaN
O14s  2          1  2.861       0.9723      0.9635          13                  2.312  4.727e-07        0.024           6.456          NaN
O14s  2          3  2.406       0.9685      0.9589          13                  2.171  5.729e-07       0.0218           6.774          NaN
O14s  2         10  2.357        0.968      0.9583          13                  2.155   5.86e-07      0.02155           6.812          NaN
O14s  2        inf  2.352       0.9679      0.9583          13                  2.153  5.873e-07          NaN             NaN          NaN
O15s  1        0.3  4.133       0.9777      0.9721          51                  1.025     0.4094    2.578e-05           196.9     2.32e-06
O15s  1          1   2.09       0.9606      0.9522          54                 0.8057     0.9694    1.676e-05           244.3    1.676e-05
O15s  1          3  1.929       0.9579      0.9491          54                 0.7813      1.069    1.596e-05           250.3    0.0001436
O15s  1         10  1.911       0.9575      0.9487          54                 0.7784      1.081    1.587e-05             251     0.001587
O15s  1        inf  1.909       0.9575      0.9487          54                 0.7781      1.082          NaN             NaN          NaN
O15s  2          1  2.289       0.9635      0.9555          54                 0.8344     0.8685     1.77e-05           237.7          NaN
O15s  2          3  1.949       0.9582      0.9495          54                 0.7844      1.055    1.606e-05           249.5          NaN
O15s  2         10  1.912       0.9576      0.9488          54                 0.7787       1.08    1.588e-05             251          NaN
O15s  2        inf  1.909       0.9575      0.9487          54                 0.7781      1.082          NaN             NaN          NaN

Analytic long-range check (O1s): {"N_lo_contact": 2753.9034615347255, "kinematic_ratio_int_dE_over_E2": 128.8311688311688, "kinematic_ratio_with_efficiency": 111.69818013860568, "rate_weighted_mean_Einv2_lo": 0.006111883291019929, "rate_weighted_mean_Einv2_hi": 2.1845812807490566e-05, "E_eff_lo_keV": 12.791234877670117, "E_eff_hi_keV": 213.95177606895916, "predicted_ratio_q4_over_contact": 279.7736731006074, "N_lo_q4_predicted": 770469.6867980475, "N_lo_q4_numerical": 771967.2199477248, "predicted_ratio_q8_over_contact": 175611.4331469138, "N_lo_q8_predicted": 483616933.62836, "N_lo_q8_numerical": 486030201.0424699, "q_at_30keV_GeV": 0.08569251865033026, "q_at_248keV_GeV": 0.24638151463763303, "q_at_5p4keV_GeV": 0.03635625662076194, "q_at_55keV_GeV": 0.11602821875087772, "O1s_n1_min_logslope": -2.2739639213590195, "O1s_n1_m_at_min_slope_GeV": 0.11220184543019636, "O1s_n1_expected_slope_intermediate": -4, "O1s_n2_min_logslope": -4.745689930921976, "O1s_n2_m_at_min_slope_GeV": 0.1, "O1s_n2_expected_slope_intermediate": -8}

Operator collapse in the m -> 0 limit:
  op  n  N_lo_longrange  N_lo_contact_same_op reference_op  N_lo_reference_contact  ratio_to_reference
 O6s  1            27.8                 0.435          O4s                    28.1               0.988
O15s  1            99.6                  1.91         O12s                     100               0.993
 O6s  2        6.29e+03                 0.435          O4s                    28.1                 224
O10s  1             353                  3.09          O4s                    28.1                12.6
 O9s  1             506                  2.07          O4s                    28.1                  18
O11s  1        4.03e+04                   259          O1s                2.75e+03                14.6
 O5s  1        2.38e+03                  14.2          O8s                     156                15.3
 O3s  1        1.03e+03                  12.7          O7s                    32.4                31.7
O14s  1             577                  2.35          O7s                    32.4                17.8
O13s  1             417                  4.91         O12s                     100                4.15
O12s  1        1.46e+04                   100          NaN                     NaN                 NaN
 O4s  1        8.28e+03                  28.1          NaN                     NaN                 NaN
 O1s  1        7.72e+05              2.75e+03          NaN                     NaN                 NaN

Photon dipole decomposition (1 TeV): {"full": {"N_lo": 375.1603319407797, "R_lo": 3253739674522.677, "R_hi": 8672931004.4333, "frac_R_lo": 1.0, "frac_R_hi": 1.0, "dRdE_10": 247224116440.94177, "dRdE_248": 98494589.16566345, "frac_dRdE_10": 1.0, "frac_dRdE_248": 1.0, "E_peak_keV": 1.0}, "charge_c1c5": {"N_lo": 18009.758349147378, "R_lo": 2860818045178.2773, "R_hi": 158848219.3773419, "frac_R_lo": 0.8792399919326549, "frac_R_hi": 0.018315402174437247, "dRdE_10": 221459075901.05844, "dRdE_248": 917940.8571540304, "frac_dRdE_10": 0.895782657004507, "frac_dRdE_248": 0.00931970847261564, "E_peak_keV": 1.0}, "spin_c4c6": {"N_lo": 31.942496965501967, "R_lo": 247034350292.3211, "R_hi": 7733720709.408512, "frac_R_lo": 0.07592320683385988, "frac_R_hi": 0.8917078557935378, "dRdE_10": 18281466566.847916, "dRdE_248": 88750009.95942168, "frac_dRdE_10": 0.07394693863215845, "frac_dRdE_248": 0.9010648271261701, "E_peak_keV": 8.75}, "c1_only": {"N_lo": 1244.7249671590757, "R_lo": 2248917601.0209074, "R_hi": 1806758.6497873275, "frac_R_lo": 0.0006911793277840592, "frac_R_hi": 0.00020832157535483395, "dRdE_10": 116574098.83056895, "dRdE_248": 10502.315159036085, "frac_dRdE_10": 0.0004715320677803567, "frac_dRdE_248": 0.00010662834626754638, "E_peak_keV": 9.950000000000001}, "c5_only": {"N_lo": 18202.637321795497, "R_lo": 2858567952084.3203, "R_hi": 157041416.66666755, "frac_R_lo": 0.8785484513304439, "frac_R_hi": 0.018107075518805978, "dRdE_10": 221342501802.2278, "dRdE_248": 907438.5419949944, "frac_dRdE_10": 0.8953111249367264, "frac_dRdE_248": 0.009213080126348095, "E_peak_keV": 1.0}, "c4_only": {"N_lo": 29.64075247236499, "R_lo": 669068603728.3069, "R_hi": 22572591716.492374, "frac_R_lo": 0.20563064985414334, "frac_R_hi": 2.6026485976833036, "dRdE_10": 33535006922.622757, "dRdE_248": 268792216.00238544, "frac_dRdE_10": 0.13564617969070092, "frac_dRdE_248": 2.7290048953886092, "E_peak_keV": 9.55}, "c6_only": {"N_lo": 28.431924684811577, "R_lo": 435339749646.3041, "R_hi": 15311652463.642883, "frac_R_lo": 0.13379673643072518, "frac_R_hi": 1.7654530464748424, "dRdE_10": 15739603442.111826, "dRdE_248": 185779357.43857622, "frac_dRdE_10": 0.06366532387171778, "frac_dRdE_248": 1.8861884598158354, "E_peak_keV": 11.05}, "interference_R_lo": 0.04483680123348527, "interference_R_hi": 0.08997674203202491, "c4c6_interference_R_lo": -3.4706671443373787, "c4c6_interference_R_hi": -3.8985793001351747, "massive_mediator_m_min_Nlo5_GeV": 0.32326232955683903, "massive_mediator_m_min_Nlo3_GeV": 0.6388220466214123, "massive_mediator_N_lo_heavy_limit": 2.3966175356835215}
Dipole through a massive mediator:
 m_med_GeV  N_lo_full  N_lo_charge  N_lo_spin  charge_frac_R_hi  charge_frac_R_lo  E_peak_keV
         0        375      1.8e+04       31.9            0.0183             0.879           1
      0.01        351     1.69e+04       30.1            0.0183             0.878         6.5
      0.03        232     1.11e+04       20.3            0.0183             0.872        8.65
       0.1       40.5     1.91e+03       3.57            0.0181             0.856        13.1
       0.3       5.46          264      0.467            0.0175             0.848          18
         1       2.64          130      0.223            0.0171             0.847          20
         3       2.42          120      0.205             0.017             0.847          20
        10        2.4          119      0.203             0.017             0.847          20

UV summary:
                                                  uv_structure   op  n  N_lo_contact  N_lo_m0p3  N_lo_longrange  m_min_Nlo5_GeV                         verdict
             scalar mediator, S-S (Higgs portal, light scalar)  O1s  1      2.75e+03   6.22e+03        7.72e+05             inf excluded at every mediator mass
                                vector mediator, V-V (Z', B-L)  O1s  1      2.75e+03   6.22e+03        7.72e+05             inf excluded at every mediator mass
             kinetically mixed dark photon (couples to charge)  O1p  1      1.24e+03   2.84e+03        3.48e+05             inf excluded at every mediator mass
    two-mediator / dipole-dipole SI (e.g. scalar x scalar box)  O1s  2      2.75e+03   1.41e+04        4.86e+08             inf excluded at every mediator mass
                       pseudoscalar mediator, P-P (P031 -> O6)  O6s  1         0.435       0.95            27.8           0.106   allowed for m_med >= 0.11 GeV
          S-P (scalar DM current x pseudoscalar quark current) O10s  1          3.09       6.88             353           0.412   allowed for m_med >= 0.41 GeV
                   axial-vector mediator, A-A (dark Z', light)  O4s  1          28.1       65.7        8.28e+03             inf excluded at every mediator mass
          DM tensor x quark axial current via a light mediator  O9s  1          2.07       4.85             506           0.293   allowed for m_med >= 0.29 GeV
      DM tensor(g5) x quark axial current via a light mediator O14s  1          2.35        5.5             577           0.324   allowed for m_med >= 0.32 GeV
               vector mediator with DM velocity coupling (V-A)  O7s  1          32.4       77.3        1.29e+04             inf excluded at every mediator mass
   vector mediator, anapole-like DM current (A-V, charge part)  O8s  1           156        369        4.75e+04             inf excluded at every mediator mass
                     EDM-type DM x charge via a light mediator O11s  1           259        568        4.03e+04             inf excluded at every mediator mass
q^2-weighted spin (O15, O13, O12, O5, O3) via a light mediator O15s  1          1.91       4.13            99.6           0.258   allowed for m_med >= 0.26 GeV

Factorisation validation: {"pointwise_max_abs_dev": 0.036839999999999984, "pointwise_rms_dev": 0.011873654093679997, "Nlo_max_abs_dev": 0.021761999999999948, "n_points": 110}
analysis done (72s)
