== Part A: single-bin intervals for n = 1 ==
b=0.0e+00: FC [0.1054,4.357]  toy [0.108,4.350]  asym [0.1057,3.647] Cowan-F [0.179,3.647] Cowan-A [0.160,3.647] central [0.051,4.744] FC68 [0.368,2.751] asym68 [0.302,2.358]
b=5.7e-04: FC [0.1048,4.357]  toy [0.106,4.350]  asym [0.1051,3.646] Cowan-F [0.179,3.646] Cowan-A [0.160,3.646] central [0.051,4.743] FC68 [0.368,2.750] asym68 [0.301,2.357]
b=1.0e-03: FC [0.1044,4.356]  toy [0.102,4.350]  asym [0.1047,3.646] Cowan-F [0.179,3.646] Cowan-A [0.160,3.646] central [0.050,4.743] FC68 [0.367,2.750] asym68 [0.301,2.357]
b=1.0e-02: FC [0.0954,4.347]  toy [0.100,4.340]  asym [0.0957,3.637] Cowan-F [0.172,3.637] Cowan-A [0.157,3.637] central [0.041,4.734] FC68 [0.362,2.741] asym68 [0.292,2.348]
n=0 upper limits (b=5.7e-4): {'FC': np.float64(2.435345090603096), 'asym': 1.352771727047709, 'cowan_fisher': 1.2772049375887082, 'one_sided': 2.3020150929940755}
Fig.6 bottom (P012) events: {'lower': np.float64(0.37800344196), 'median': np.float64(2.23800694416), 'upper': np.float64(4.86546642084)}  ratio lo/up 0.07769110076290268
Fig.6 top ratios: {'300 keV': 0.05000000000000001, '350 keV': 0.06111111111111111} -> lower edges {'300 keV': 0.18250000000000002, '350 keV': 0.22305555555555553}
CL equivalent (FC, n=1, b=0) of lower edges: {'0.10 events': 0.9003245225862656, '0.18 events': 0.835270211411272, '0.20 events': 0.8187307530779818, '0.31 events': 0.7334469562242892, '0.38 events': 0.6838614092123558}
mu_lo(f): {'1.0': 0.1047905156578265, '0.9': 0.11642178820432697, '0.75': 0.13911612405548826, '0.5': 0.20065932223551336, '0.31': 0.284161901901869, '0.25': 0.32062352489483414, '0.15': 0.3940269090392729}
f required: {'0.18': 0.5674255170330764, '0.2': 0.5019731736143477, '0.31': 0.26656715336330444, '0.38': 0.16754737283777635}

== Part B: spectral information ==
                    region  b_region  ratio_fs_over_fb      beta     shat  asym_lo  asym_hi    FC_lo    FC_hi   Z_asym
NR band 5.4-270 keV (P008)      2.92             100.0  0.029200 0.970800 0.076509 3.617354 0.076161 4.328209 2.263973
NR band 5.4-270 keV (P008)      2.92            1000.0  0.002920 0.997080 0.102789 3.643634 0.102441 4.354489 3.110978
NR band 5.4-270 keV (P008)      2.92           10000.0  0.000292 0.999708 0.105417 3.646262 0.105069 4.357117 3.778637
NR band 5.4-270 keV (P008)      2.92          100000.0  0.000029 0.999971 0.105680 3.646525 0.105331 4.357380 4.345428
NR band 5.4-270 keV (P008)      2.92         1000000.0  0.000003 0.999997 0.105706 3.646552 0.105358 4.357406 4.846428
  science sample (Table I)   1713.00             100.0 17.130000 0.000000      NaN      NaN      NaN      NaN 0.000000
  science sample (Table I)   1713.00            1000.0  1.713000 0.000000      NaN      NaN      NaN      NaN 0.000000
  science sample (Table I)   1713.00           10000.0  0.171300 0.828700 0.000000 3.475254 0.000000 4.186109 1.367947
  science sample (Table I)   1713.00          100000.0  0.017130 0.982870 0.088579 3.629424 0.088231 4.340279 2.483568
  science sample (Table I)   1713.00         1000000.0  0.001713 0.998287 0.103996 3.644841 0.103648 4.355696 3.277567
beta(3.4 sigma) = 0.0011375682240233405  r needed: {'beta_from_3p4sigma_asymptotic': 0.0011375682240233405, 'ratio_needed_science_sample': 1505843.7496974713, 'ratio_needed_NR_band': 2566.8790129110425, 'lower_edge_at_beta34': 0.10457172918325963}

== Part C1: coverage ==
b=0.00057: {'FC': (0.9, 8.6), 'asym': (0.694, 1.36), 'cowan': (0.681, 1.28), 'flipflop_classical': (0.87, 2.31), 'baxter_FC_UL_below_3sigma': (0.9, 8.6), 'flipflop_FC_vs_1sidedUL': (0.891, 2.31)}
   mu=0.3: FC 0.963 asym 0.963 cowan 0.963
   mu=0.5: FC 0.910 asym 0.986 cowan 0.910
   mu=1.0: FC 0.920 asym 0.981 cowan 0.920
   mu=1.5: FC 0.981 asym 0.711 cowan 0.711
   mu=2.0: FC 0.983 asym 0.812 cowan 0.812
   mu=3.0: FC 0.917 asym 0.917 cowan 0.917
b=1.0: {'FC': (0.9, 7.6), 'asym': (0.846, 2.65), 'cowan': (0.816, 1.31), 'flipflop_classical': (0.855, 2.89), 'baxter_FC_UL_below_3sigma': (0.9, 7.6), 'flipflop_FC_vs_1sidedUL': (0.849, 8.28)}
b=3.0: {'FC': (0.9, 5.6), 'asym': (0.859, 2.61), 'cowan': (0.852, 1.51), 'flipflop_classical': (0.855, 2.33), 'baxter_FC_UL_below_3sigma': (0.9, 5.6), 'flipflop_FC_vs_1sidedUL': (0.849, 6.28)}

== Part C2: raster-scan toy ==
bin backgrounds: [0.59261 0.62207 0.65519 0.49075 0.29566 0.12866 0.05166 0.01627 0.00596
 0.00312 0.00172 0.00123]  total 2.8649000000000004  190-270: 0.0029560485247548023
FC per-bin lift-off prob: [0.0224 0.0254 0.0289 0.0874 0.036  0.0076 0.0504 0.0161 0.0059 0.0031
 0.0017 0.0012]  family-wise (M=12): 0.25425828394074024
asym per-bin lift-off prob: [0.0224 0.0254 0.0289 0.0137 0.036  0.0076 0.0504 0.0161 0.0059 0.0031
 0.0017 0.0012]  family-wise (M=12): 0.1940194311823077
family lift-off variants: {'family_liftoff_FC_bH_5.7e-4': 0.2524767834912367, 'family_liftoff_FC_x3_high': 0.2586541740713334, 'family_liftoff_from_Neff': {'1': 0.09999999999999998, '2': 0.18999999999999995, '3': 0.2709999999999999, '4': 0.3439, '6': 0.46855899999999995, '12': 0.7175704635189999}}
{'s_true': 0.0, 'p_any_liftoff': 0.253425, 'p_liftoff_true_bin': 0.00129, 'p_liftoff_other_bins': 0.252425, 'coverage_true_model_FC': 0.99871, 'coverage_true_model_asym': 0.99871, 'mean_n_liftoff_models': 0.284755}
{'s_true': 1.0, 'p_any_liftoff': 0.726415, 'p_liftoff_true_bin': 0.63398, 'p_liftoff_other_bins': 0.252885, 'coverage_true_model_FC': 0.91912, 'coverage_true_model_asym': 0.98078, 'mean_n_liftoff_models': 0.91865}
{'s_true': 2.4, 'p_any_liftoff': 0.93208, 'p_liftoff_true_bin': 0.90904, 'p_liftoff_other_bins': 0.253585, 'coverage_true_model_FC': 0.988165, 'coverage_true_model_asym': 0.87249, 'mean_n_liftoff_models': 1.19452}

== Part D: power constraint check ==
 m_GeV  ratio_d10  ratio_events  muhat_over_sigma  pcl_factor_events  lifts_off
  10.0   0.744374      0.554092         -0.733518           1.000000      False
  12.0   0.744716      0.554602         -0.732680           1.000000      False
  14.0   0.697562      0.486592         -0.844556           1.000000      False
  17.0   0.643858      0.414553         -0.963060           1.000000      False
  21.0   0.642735      0.413108         -0.965437           1.000000      False
  30.0   0.623536      0.388797         -1.005429           1.008488      False
  40.0   0.636855      0.405585         -0.977813           1.000000      False
  50.0   0.633226      0.400976         -0.985395           1.000000      False
 100.0   1.388984      1.929277          1.528661           1.000000       True
 200.0   1.436055      2.062255          1.747410           1.000000       True
 400.0   1.458001      2.125767          1.851887           1.000000       True
1000.0   1.474455      2.174018          1.931259           1.000000       True
4000.0   1.449711      2.101661          1.812232           1.000000       True

done in 648.2 s
